[INFO] [launch]: All log files can be found below /root/.ros/log/2026-08-01-21-53-41-628912-youtalk-desktop-113
[INFO] [launch]: Default logging verbosity is set to INFO
[INFO] [autoware_carla_interface-1]: process started with pid [147]
[INFO] [autoware_raw_vehicle_cmd_converter_node-2]: process started with pid [149]
[INFO] [relay-3]: process started with pid [151]
[INFO] [relay-4]: process started with pid [153]
[INFO] [republish-5]: process started with pid [155]
[INFO] [republish-6]: process started with pid [157]
[INFO] [republish-7]: process started with pid [169]
[INFO] [republish-8]: process started with pid [171]
[INFO] [republish-9]: process started with pid [173]
[INFO] [republish-10]: process started with pid [175]
[INFO] [republish-11]: process started with pid [179]
[autoware_carla_interface-1] [INFO] [1785621221.992925058] [autoware_carla_interface]: Using Autoware sensor kit calibration: carla_sensor_kit_description
[autoware_carla_interface-1] [INFO] [1785621221.995264422] [autoware_carla_interface]: Registered sensor: top (type: sensor.lidar.ray_cast, topic: /sensing/lidar/top/pointcloud_raw_ex)
[autoware_carla_interface-1] [INFO] [1785621221.995398241] [autoware_carla_interface]: Registered sensor: gnss (type: sensor.other.gnss, topic: /sensing/gnss/pose_with_covariance)
[autoware_carla_interface-1] [INFO] [1785621221.995515767] [autoware_carla_interface]: Registered sensor: imu (type: sensor.other.imu, topic: /sensing/imu/tamagawa/imu_raw)
[autoware_carla_interface-1] [INFO] [1785621221.998041906] [autoware_carla_interface]: Created LiDAR publisher: /sensing/lidar/top/pointcloud_raw_ex
[autoware_carla_interface-1] [INFO] [1785621221.999221511] [autoware_carla_interface]: Created GNSS publisher: /sensing/gnss/pose_with_covariance
[autoware_carla_interface-1] [INFO] [1785621221.999645550] [autoware_carla_interface]: Created IMU publisher: /sensing/imu/tamagawa/imu_raw
[autoware_carla_interface-1] [INFO] [1785621221.999790673] [autoware_carla_interface]: Configured 3 sensors from mapping
[republish-11] [WARN] [1785621259.216212567] [traffic_light_republish]: New publisher discovered on topic '/sensing/camera/traffic_light/image_raw', offering incompatible QoS. No messages will be sent to it. Last incompatible policy: RELIABILITY_QOS_POLICY
