[INFO] [launch]: All log files can be found below /root/.ros/log/2026-08-01-22-32-14-911122-youtalk-desktop-113
[INFO] [launch]: Default logging verbosity is set to INFO
[INFO] [autoware_carla_interface-1]: process started with pid [147]
[INFO] [autoware_raw_vehicle_cmd_converter_node-2]: process started with pid [149]
[INFO] [relay-3]: process started with pid [151]
[INFO] [relay-4]: process started with pid [153]
[INFO] [republish-5]: process started with pid [155]
[INFO] [republish-6]: process started with pid [157]
[INFO] [republish-7]: process started with pid [167]
[INFO] [republish-8]: process started with pid [171]
[INFO] [republish-9]: process started with pid [173]
[INFO] [republish-10]: process started with pid [175]
[INFO] [republish-11]: process started with pid [179]
[autoware_carla_interface-1] [INFO] [1785623535.266104271] [autoware_carla_interface]: Using Autoware sensor kit calibration: carla_sensor_kit_description
[autoware_carla_interface-1] [INFO] [1785623535.268478526] [autoware_carla_interface]: Registered sensor: top (type: sensor.lidar.ray_cast, topic: /sensing/lidar/top/pointcloud_raw_ex)
[autoware_carla_interface-1] [INFO] [1785623535.268614064] [autoware_carla_interface]: Registered sensor: gnss (type: sensor.other.gnss, topic: /sensing/gnss/pose_with_covariance)
[autoware_carla_interface-1] [INFO] [1785623535.268731483] [autoware_carla_interface]: Registered sensor: imu (type: sensor.other.imu, topic: /sensing/imu/tamagawa/imu_raw)
[autoware_carla_interface-1] [INFO] [1785623535.271293784] [autoware_carla_interface]: Created LiDAR publisher: /sensing/lidar/top/pointcloud_raw_ex
[autoware_carla_interface-1] [INFO] [1785623535.272438562] [autoware_carla_interface]: Created GNSS publisher: /sensing/gnss/pose_with_covariance
[autoware_carla_interface-1] [INFO] [1785623535.272859070] [autoware_carla_interface]: Created IMU publisher: /sensing/imu/tamagawa/imu_raw
[autoware_carla_interface-1] [INFO] [1785623535.272997026] [autoware_carla_interface]: Configured 3 sensors from mapping
[republish-11] [WARN] [1785623568.745576702] [traffic_light_republish]: New publisher discovered on topic '/sensing/camera/traffic_light/image_raw', offering incompatible QoS. No messages will be sent to it. Last incompatible policy: RELIABILITY_QOS_POLICY
[autoware_raw_vehicle_cmd_converter_node-2] [WARN] [1785623599.282062183] [autoware_raw_vehicle_cmd_converter.accel_map]: Exceeding the acc range. Desired acc: -2.400000 < min acc on map: -2.180000. return max value.
[autoware_raw_vehicle_cmd_converter_node-2] [WARN] [1785623619.881768237] [autoware_raw_vehicle_cmd_converter.accel_map]: Exceeding the acc range. Desired acc: -2.400000 < min acc on map: -2.180000. return max value.
[autoware_raw_vehicle_cmd_converter_node-2] [WARN] [1785623639.059259863] [autoware_raw_vehicle_cmd_converter.accel_map]: Exceeding the acc range. Desired acc: -2.400000 < min acc on map: -2.180000. return max value.
[autoware_raw_vehicle_cmd_converter_node-2] [WARN] [1785623659.320205961] [autoware_raw_vehicle_cmd_converter.accel_map]: Exceeding the acc range. Desired acc: -2.400000 < min acc on map: -2.180000. return max value.
[autoware_raw_vehicle_cmd_converter_node-2] [WARN] [1785623660.467389110] [autoware_raw_vehicle_cmd_converter.accel_map]: Exceeding the acc range. Desired acc: -2.400000 < min acc on map: -2.180000. return max value.
[autoware_raw_vehicle_cmd_converter_node-2] [WARN] [1785623661.525678226] [autoware_raw_vehicle_cmd_converter.accel_map]: Exceeding the acc range. Desired acc: -2.400000 < min acc on map: -2.180000. return max value.
[autoware_raw_vehicle_cmd_converter_node-2] [WARN] [1785623662.539037166] [autoware_raw_vehicle_cmd_converter.accel_map]: Exceeding the acc range. Desired acc: -2.400000 < min acc on map: -2.180000. return max value.
