[INFO] [launch]: All log files can be found below /root/.ros/log/2026-08-01-15-31-10-441652-youtalk-desktop-110
[INFO] [launch]: Default logging verbosity is set to INFO
[INFO] [autoware_carla_interface-1]: process started with pid [144]
[INFO] [autoware_raw_vehicle_cmd_converter_node-2]: process started with pid [146]
[INFO] [relay-3]: process started with pid [148]
[INFO] [relay-4]: process started with pid [150]
[INFO] [republish-5]: process started with pid [152]
[INFO] [republish-6]: process started with pid [164]
[INFO] [republish-7]: process started with pid [167]
[INFO] [republish-8]: process started with pid [172]
[INFO] [republish-9]: process started with pid [174]
[INFO] [republish-10]: process started with pid [176]
[INFO] [republish-11]: process started with pid [178]
[INFO] [multi_camera_combiner-12]: process started with pid [180]
[multi_camera_combiner-12] [INFO] [1785598270.765539483] [multi_camera_combiner]: Multi-camera combiner node started
[autoware_carla_interface-1] [INFO] [1785598270.800985565] [autoware_carla_interface]: Using Autoware sensor kit calibration: carla_sensor_kit_description
[autoware_carla_interface-1] [INFO] [1785598270.803683235] [autoware_carla_interface]: Registered sensor: CAM_FRONT (type: sensor.camera.rgb, topic: /sensing/camera/CAM_FRONT/image_raw)
[autoware_carla_interface-1] [INFO] [1785598270.803823140] [autoware_carla_interface]: Registered sensor: CAM_FRONT_LEFT (type: sensor.camera.rgb, topic: /sensing/camera/CAM_FRONT_LEFT/image_raw)
[autoware_carla_interface-1] [INFO] [1785598270.803942859] [autoware_carla_interface]: Registered sensor: CAM_FRONT_RIGHT (type: sensor.camera.rgb, topic: /sensing/camera/CAM_FRONT_RIGHT/image_raw)
[autoware_carla_interface-1] [INFO] [1785598270.804058304] [autoware_carla_interface]: Registered sensor: CAM_BACK (type: sensor.camera.rgb, topic: /sensing/camera/CAM_BACK/image_raw)
[autoware_carla_interface-1] [INFO] [1785598270.804173990] [autoware_carla_interface]: Registered sensor: CAM_BACK_LEFT (type: sensor.camera.rgb, topic: /sensing/camera/CAM_BACK_LEFT/image_raw)
[autoware_carla_interface-1] [INFO] [1785598270.804286805] [autoware_carla_interface]: Registered sensor: CAM_BACK_RIGHT (type: sensor.camera.rgb, topic: /sensing/camera/CAM_BACK_RIGHT/image_raw)
[autoware_carla_interface-1] [INFO] [1785598270.804403524] [autoware_carla_interface]: Registered sensor: top (type: sensor.lidar.ray_cast, topic: /sensing/lidar/top/pointcloud_before_sync)
[autoware_carla_interface-1] [INFO] [1785598270.804517162] [autoware_carla_interface]: Registered sensor: gnss (type: sensor.other.gnss, topic: /sensing/gnss/pose_with_covariance)
[autoware_carla_interface-1] [INFO] [1785598270.804633330] [autoware_carla_interface]: Registered sensor: imu (type: sensor.other.imu, topic: /sensing/imu/tamagawa/imu_raw)
[autoware_carla_interface-1] [INFO] [1785598270.807025000] [autoware_carla_interface]: Created camera publisher: /sensing/camera/CAM_FRONT/image_raw
[autoware_carla_interface-1] [INFO] [1785598270.807507236] [autoware_carla_interface]: Created camera info publisher: /sensing/camera/CAM_FRONT/camera_info
[autoware_carla_interface-1] [INFO] [1785598270.807808865] [autoware_carla_interface]: Created camera publisher: /sensing/camera/CAM_FRONT_LEFT/image_raw
[autoware_carla_interface-1] [INFO] [1785598270.808076975] [autoware_carla_interface]: Created camera info publisher: /sensing/camera/CAM_FRONT_LEFT/camera_info
[autoware_carla_interface-1] [INFO] [1785598270.808329873] [autoware_carla_interface]: Created camera publisher: /sensing/camera/CAM_FRONT_RIGHT/image_raw
[autoware_carla_interface-1] [INFO] [1785598270.808576360] [autoware_carla_interface]: Created camera info publisher: /sensing/camera/CAM_FRONT_RIGHT/camera_info
[autoware_carla_interface-1] [INFO] [1785598270.808837115] [autoware_carla_interface]: Created camera publisher: /sensing/camera/CAM_BACK/image_raw
[autoware_carla_interface-1] [INFO] [1785598270.809088719] [autoware_carla_interface]: Created camera info publisher: /sensing/camera/CAM_BACK/camera_info
[autoware_carla_interface-1] [INFO] [1785598270.809353729] [autoware_carla_interface]: Created camera publisher: /sensing/camera/CAM_BACK_LEFT/image_raw
[autoware_carla_interface-1] [INFO] [1785598270.809599101] [autoware_carla_interface]: Created camera info publisher: /sensing/camera/CAM_BACK_LEFT/camera_info
[autoware_carla_interface-1] [INFO] [1785598270.809855003] [autoware_carla_interface]: Created camera publisher: /sensing/camera/CAM_BACK_RIGHT/image_raw
[autoware_carla_interface-1] [INFO] [1785598270.810106747] [autoware_carla_interface]: Created camera info publisher: /sensing/camera/CAM_BACK_RIGHT/camera_info
[autoware_carla_interface-1] [INFO] [1785598270.810548278] [autoware_carla_interface]: Created LiDAR publisher: /sensing/lidar/top/pointcloud_before_sync
[autoware_carla_interface-1] [INFO] [1785598270.811738746] [autoware_carla_interface]: Created GNSS publisher: /sensing/gnss/pose_with_covariance
[autoware_carla_interface-1] [INFO] [1785598270.812208981] [autoware_carla_interface]: Created IMU publisher: /sensing/imu/tamagawa/imu_raw
[autoware_carla_interface-1] [INFO] [1785598270.812354448] [autoware_carla_interface]: Configured 9 sensors from mapping
[multi_camera_combiner-12] [WARN] [1785598270.858476720] [multi_camera_combiner]: Waiting for images from: ['CAM_FRONT', 'CAM_FRONT_LEFT', 'CAM_FRONT_RIGHT', 'CAM_BACK', 'CAM_BACK_LEFT', 'CAM_BACK_RIGHT']
[multi_camera_combiner-12] [INFO] [1785598281.613192321] [multi_camera_combiner]: Received first image from CAM_BACK
[multi_camera_combiner-12] [INFO] [1785598281.625436596] [multi_camera_combiner]: Received first image from CAM_FRONT
[multi_camera_combiner-12] [INFO] [1785598281.636735602] [multi_camera_combiner]: Received first image from CAM_FRONT_LEFT
[multi_camera_combiner-12] [INFO] [1785598281.647333741] [multi_camera_combiner]: Received first image from CAM_FRONT_RIGHT
[multi_camera_combiner-12] [INFO] [1785598281.658077861] [multi_camera_combiner]: Received first image from CAM_BACK_LEFT
[multi_camera_combiner-12] [INFO] [1785598281.667647167] [multi_camera_combiner]: Received first image from CAM_BACK_RIGHT
[multi_camera_combiner-12] [INFO] [1785598281.668345433] [multi_camera_combiner]: All cameras received! Starting to publish combined image.
[republish-11] [WARN] [1785598308.509947459] [traffic_light_republish]: New publisher discovered on topic '/sensing/camera/traffic_light/image_raw', offering incompatible QoS. No messages will be sent to it. Last incompatible policy: RELIABILITY_QOS_POLICY
[autoware_raw_vehicle_cmd_converter_node-2] [WARN] [1785598358.466923130] [autoware_raw_vehicle_cmd_converter.accel_map]: Exceeding the acc range. Desired acc: -2.400000 < min acc on map: -2.180000. return max value.
[autoware_raw_vehicle_cmd_converter_node-2] [WARN] [1785598360.983380984] [autoware_raw_vehicle_cmd_converter.accel_map]: Exceeding the acc range. Desired acc: -2.400000 < min acc on map: -2.180000. return max value.
[autoware_raw_vehicle_cmd_converter_node-2] [WARN] [1785598365.068395376] [autoware_raw_vehicle_cmd_converter.accel_map]: Exceeding the acc range. Desired acc: -2.400000 < min acc on map: -2.180000. return max value.
[autoware_raw_vehicle_cmd_converter_node-2] [WARN] [1785598380.576136791] [autoware_raw_vehicle_cmd_converter.accel_map]: Exceeding the acc range. Desired acc: -2.400000 < min acc on map: -2.180000. return max value.
[autoware_raw_vehicle_cmd_converter_node-2] [WARN] [1785598385.422059970] [autoware_raw_vehicle_cmd_converter.accel_map]: Exceeding the acc range. Desired acc: -2.400000 < min acc on map: -2.180000. return max value.
[autoware_raw_vehicle_cmd_converter_node-2] [WARN] [1785598392.680757552] [autoware_raw_vehicle_cmd_converter.accel_map]: Exceeding the acc range. Desired acc: -2.400000 < min acc on map: -2.180000. return max value.
[autoware_raw_vehicle_cmd_converter_node-2] [WARN] [1785598394.034819967] [autoware_raw_vehicle_cmd_converter.accel_map]: Exceeding the acc range. Desired acc: -2.400000 < min acc on map: -2.180000. return max value.
[autoware_raw_vehicle_cmd_converter_node-2] [WARN] [1785598395.950417574] [autoware_raw_vehicle_cmd_converter.accel_map]: Exceeding the acc range. Desired acc: -2.400000 < min acc on map: -2.180000. return max value.
[autoware_raw_vehicle_cmd_converter_node-2] [WARN] [1785598398.592588177] [autoware_raw_vehicle_cmd_converter.accel_map]: Exceeding the acc range. Desired acc: -2.400000 < min acc on map: -2.180000. return max value.
[autoware_raw_vehicle_cmd_converter_node-2] [WARN] [1785598400.583731328] [autoware_raw_vehicle_cmd_converter.accel_map]: Exceeding the acc range. Desired acc: -2.400000 < min acc on map: -2.180000. return max value.
[autoware_raw_vehicle_cmd_converter_node-2] [WARN] [1785598409.528986387] [autoware_raw_vehicle_cmd_converter.accel_map]: Exceeding the acc range. Desired acc: -2.400000 < min acc on map: -2.180000. return max value.
[autoware_raw_vehicle_cmd_converter_node-2] [WARN] [1785598413.515370322] [autoware_raw_vehicle_cmd_converter.accel_map]: Exceeding the acc range. Desired acc: -2.400000 < min acc on map: -2.180000. return max value.
[autoware_raw_vehicle_cmd_converter_node-2] [WARN] [1785598415.295554665] [autoware_raw_vehicle_cmd_converter.accel_map]: Exceeding the acc range. Desired acc: -2.400000 < min acc on map: -2.180000. return max value.
[autoware_raw_vehicle_cmd_converter_node-2] [WARN] [1785598420.681251896] [autoware_raw_vehicle_cmd_converter.accel_map]: Exceeding the acc range. Desired acc: -2.400000 < min acc on map: -2.180000. return max value.
