[INFO] [launch]: All log files can be found below /root/.ros/log/2026-08-01-21-18-23-598591-youtalk-desktop-112
[INFO] [launch]: Default logging verbosity is set to INFO
[INFO] [autoware_carla_interface-1]: process started with pid [146]
[INFO] [autoware_raw_vehicle_cmd_converter_node-2]: process started with pid [148]
[INFO] [relay-3]: process started with pid [150]
[INFO] [relay-4]: process started with pid [152]
[INFO] [republish-5]: process started with pid [154]
[INFO] [republish-6]: process started with pid [166]
[INFO] [republish-7]: process started with pid [171]
[INFO] [republish-8]: process started with pid [173]
[INFO] [republish-9]: process started with pid [175]
[INFO] [republish-10]: process started with pid [178]
[INFO] [republish-11]: process started with pid [181]
[INFO] [multi_camera_combiner-12]: process started with pid [183]
[multi_camera_combiner-12] [INFO] [1785619103.908398290] [multi_camera_combiner]: Multi-camera combiner node started
[autoware_carla_interface-1] [INFO] [1785619103.933909476] [autoware_carla_interface]: Using Autoware sensor kit calibration: carla_sensor_kit_description
[autoware_carla_interface-1] [INFO] [1785619103.936453959] [autoware_carla_interface]: Registered sensor: CAM_FRONT (type: sensor.camera.rgb, topic: /sensing/camera/CAM_FRONT/image_raw)
[autoware_carla_interface-1] [INFO] [1785619103.936595733] [autoware_carla_interface]: Registered sensor: CAM_FRONT_LEFT (type: sensor.camera.rgb, topic: /sensing/camera/CAM_FRONT_LEFT/image_raw)
[autoware_carla_interface-1] [INFO] [1785619103.936721001] [autoware_carla_interface]: Registered sensor: CAM_FRONT_RIGHT (type: sensor.camera.rgb, topic: /sensing/camera/CAM_FRONT_RIGHT/image_raw)
[autoware_carla_interface-1] [INFO] [1785619103.936844053] [autoware_carla_interface]: Registered sensor: CAM_BACK (type: sensor.camera.rgb, topic: /sensing/camera/CAM_BACK/image_raw)
[autoware_carla_interface-1] [INFO] [1785619103.936962538] [autoware_carla_interface]: Registered sensor: CAM_BACK_LEFT (type: sensor.camera.rgb, topic: /sensing/camera/CAM_BACK_LEFT/image_raw)
[autoware_carla_interface-1] [INFO] [1785619103.937080278] [autoware_carla_interface]: Registered sensor: CAM_BACK_RIGHT (type: sensor.camera.rgb, topic: /sensing/camera/CAM_BACK_RIGHT/image_raw)
[autoware_carla_interface-1] [INFO] [1785619103.937197676] [autoware_carla_interface]: Registered sensor: top (type: sensor.lidar.ray_cast, topic: /sensing/lidar/top/pointcloud_before_sync)
[autoware_carla_interface-1] [INFO] [1785619103.937313124] [autoware_carla_interface]: Registered sensor: gnss (type: sensor.other.gnss, topic: /sensing/gnss/pose_with_covariance)
[autoware_carla_interface-1] [INFO] [1785619103.937427992] [autoware_carla_interface]: Registered sensor: imu (type: sensor.other.imu, topic: /sensing/imu/tamagawa/imu_raw)
[autoware_carla_interface-1] [INFO] [1785619103.940073453] [autoware_carla_interface]: Created camera publisher: /sensing/camera/CAM_FRONT/image_raw
[autoware_carla_interface-1] [INFO] [1785619103.940594764] [autoware_carla_interface]: Created camera info publisher: /sensing/camera/CAM_FRONT/camera_info
[autoware_carla_interface-1] [INFO] [1785619103.940900781] [autoware_carla_interface]: Created camera publisher: /sensing/camera/CAM_FRONT_LEFT/image_raw
[autoware_carla_interface-1] [INFO] [1785619103.941173774] [autoware_carla_interface]: Created camera info publisher: /sensing/camera/CAM_FRONT_LEFT/camera_info
[autoware_carla_interface-1] [INFO] [1785619103.941463185] [autoware_carla_interface]: Created camera publisher: /sensing/camera/CAM_FRONT_RIGHT/image_raw
[autoware_carla_interface-1] [INFO] [1785619103.941767450] [autoware_carla_interface]: Created camera info publisher: /sensing/camera/CAM_FRONT_RIGHT/camera_info
[autoware_carla_interface-1] [INFO] [1785619103.942037491] [autoware_carla_interface]: Created camera publisher: /sensing/camera/CAM_BACK/image_raw
[autoware_carla_interface-1] [INFO] [1785619103.942345254] [autoware_carla_interface]: Created camera info publisher: /sensing/camera/CAM_BACK/camera_info
[autoware_carla_interface-1] [INFO] [1785619103.942650965] [autoware_carla_interface]: Created camera publisher: /sensing/camera/CAM_BACK_LEFT/image_raw
[autoware_carla_interface-1] [INFO] [1785619103.942922223] [autoware_carla_interface]: Created camera info publisher: /sensing/camera/CAM_BACK_LEFT/camera_info
[autoware_carla_interface-1] [INFO] [1785619103.943199463] [autoware_carla_interface]: Created camera publisher: /sensing/camera/CAM_BACK_RIGHT/image_raw
[autoware_carla_interface-1] [INFO] [1785619103.943480560] [autoware_carla_interface]: Created camera info publisher: /sensing/camera/CAM_BACK_RIGHT/camera_info
[autoware_carla_interface-1] [INFO] [1785619103.943946212] [autoware_carla_interface]: Created LiDAR publisher: /sensing/lidar/top/pointcloud_before_sync
[autoware_carla_interface-1] [INFO] [1785619103.945354287] [autoware_carla_interface]: Created GNSS publisher: /sensing/gnss/pose_with_covariance
[autoware_carla_interface-1] [INFO] [1785619103.945802850] [autoware_carla_interface]: Created IMU publisher: /sensing/imu/tamagawa/imu_raw
[autoware_carla_interface-1] [INFO] [1785619103.945949377] [autoware_carla_interface]: Configured 9 sensors from mapping
[multi_camera_combiner-12] [WARN] [1785619104.001926026] [multi_camera_combiner]: Waiting for images from: ['CAM_FRONT', 'CAM_FRONT_LEFT', 'CAM_FRONT_RIGHT', 'CAM_BACK', 'CAM_BACK_LEFT', 'CAM_BACK_RIGHT']
[multi_camera_combiner-12] [INFO] [1785619114.195443103] [multi_camera_combiner]: Received first image from CAM_FRONT
[multi_camera_combiner-12] [INFO] [1785619114.229598618] [multi_camera_combiner]: Received first image from CAM_FRONT_LEFT
[multi_camera_combiner-12] [INFO] [1785619114.236892104] [multi_camera_combiner]: Received first image from CAM_BACK
[multi_camera_combiner-12] [INFO] [1785619114.246631078] [multi_camera_combiner]: Received first image from CAM_BACK_LEFT
[multi_camera_combiner-12] [INFO] [1785619114.256322845] [multi_camera_combiner]: Received first image from CAM_FRONT_RIGHT
[multi_camera_combiner-12] [INFO] [1785619114.265510393] [multi_camera_combiner]: Received first image from CAM_BACK_RIGHT
[multi_camera_combiner-12] [INFO] [1785619114.301709351] [multi_camera_combiner]: All cameras received! Starting to publish combined image.
[republish-11] [WARN] [1785619141.869796662] [traffic_light_republish]: New publisher discovered on topic '/sensing/camera/traffic_light/image_raw', offering incompatible QoS. No messages will be sent to it. Last incompatible policy: RELIABILITY_QOS_POLICY
[autoware_raw_vehicle_cmd_converter_node-2] [WARN] [1785619292.893215485] [autoware_raw_vehicle_cmd_converter.accel_map]: Exceeding the acc range. Desired acc: -2.400000 < min acc on map: -2.180000. return max value.
[autoware_raw_vehicle_cmd_converter_node-2] [WARN] [1785619294.026347136] [autoware_raw_vehicle_cmd_converter.accel_map]: Exceeding the acc range. Desired acc: -2.400000 < min acc on map: -2.180000. return max value.
[autoware_raw_vehicle_cmd_converter_node-2] [WARN] [1785619295.579862399] [autoware_raw_vehicle_cmd_converter.accel_map]: Exceeding the acc range. Desired acc: -2.400000 < min acc on map: -2.180000. return max value.
[autoware_raw_vehicle_cmd_converter_node-2] [WARN] [1785619297.225841712] [autoware_raw_vehicle_cmd_converter.accel_map]: Exceeding the acc range. Desired acc: -2.400000 < min acc on map: -2.180000. return max value.
[autoware_raw_vehicle_cmd_converter_node-2] [WARN] [1785619301.146118450] [autoware_raw_vehicle_cmd_converter.accel_map]: Exceeding the acc range. Desired acc: -2.400000 < min acc on map: -2.180000. return max value.
[autoware_raw_vehicle_cmd_converter_node-2] [WARN] [1785619302.458760248] [autoware_raw_vehicle_cmd_converter.accel_map]: Exceeding the acc range. Desired acc: -2.400000 < min acc on map: -2.180000. return max value.
[autoware_raw_vehicle_cmd_converter_node-2] [WARN] [1785619305.054678874] [autoware_raw_vehicle_cmd_converter.accel_map]: Exceeding the acc range. Desired acc: -2.400000 < min acc on map: -2.180000. return max value.
[autoware_raw_vehicle_cmd_converter_node-2] [WARN] [1785619306.071367040] [autoware_raw_vehicle_cmd_converter.accel_map]: Exceeding the acc range. Desired acc: -2.400000 < min acc on map: -2.180000. return max value.
[autoware_raw_vehicle_cmd_converter_node-2] [WARN] [1785619307.470916844] [autoware_raw_vehicle_cmd_converter.accel_map]: Exceeding the acc range. Desired acc: -2.400000 < min acc on map: -2.180000. return max value.
[autoware_raw_vehicle_cmd_converter_node-2] [WARN] [1785619309.561230982] [autoware_raw_vehicle_cmd_converter.accel_map]: Exceeding the acc range. Desired acc: -2.400000 < min acc on map: -2.180000. return max value.
[autoware_raw_vehicle_cmd_converter_node-2] [WARN] [1785619311.826015417] [autoware_raw_vehicle_cmd_converter.accel_map]: Exceeding the acc range. Desired acc: -2.400000 < min acc on map: -2.180000. return max value.
[autoware_raw_vehicle_cmd_converter_node-2] [WARN] [1785619317.053000604] [autoware_raw_vehicle_cmd_converter.accel_map]: Exceeding the acc range. Desired acc: -2.400000 < min acc on map: -2.180000. return max value.
[autoware_raw_vehicle_cmd_converter_node-2] [WARN] [1785619318.366683338] [autoware_raw_vehicle_cmd_converter.accel_map]: Exceeding the acc range. Desired acc: -2.400000 < min acc on map: -2.180000. return max value.
[autoware_raw_vehicle_cmd_converter_node-2] [WARN] [1785619320.528931807] [autoware_raw_vehicle_cmd_converter.accel_map]: Exceeding the acc range. Desired acc: -2.400000 < min acc on map: -2.180000. return max value.
[autoware_raw_vehicle_cmd_converter_node-2] [WARN] [1785619323.679876597] [autoware_raw_vehicle_cmd_converter.accel_map]: Exceeding the acc range. Desired acc: -2.400000 < min acc on map: -2.180000. return max value.
[autoware_raw_vehicle_cmd_converter_node-2] [WARN] [1785619324.872123377] [autoware_raw_vehicle_cmd_converter.accel_map]: Exceeding the acc range. Desired acc: -2.400000 < min acc on map: -2.180000. return max value.
[autoware_raw_vehicle_cmd_converter_node-2] [WARN] [1785619327.320014983] [autoware_raw_vehicle_cmd_converter.accel_map]: Exceeding the acc range. Desired acc: -2.400000 < min acc on map: -2.180000. return max value.
[autoware_raw_vehicle_cmd_converter_node-2] [WARN] [1785619330.618708540] [autoware_raw_vehicle_cmd_converter.accel_map]: Exceeding the acc range. Desired acc: -2.400000 < min acc on map: -2.180000. return max value.
[autoware_raw_vehicle_cmd_converter_node-2] [WARN] [1785619332.167861592] [autoware_raw_vehicle_cmd_converter.accel_map]: Exceeding the acc range. Desired acc: -2.400000 < min acc on map: -2.180000. return max value.
[autoware_raw_vehicle_cmd_converter_node-2] [WARN] [1785619339.438421318] [autoware_raw_vehicle_cmd_converter.accel_map]: Exceeding the acc range. Desired acc: -2.400000 < min acc on map: -2.180000. return max value.
[autoware_raw_vehicle_cmd_converter_node-2] [WARN] [1785619340.795114274] [autoware_raw_vehicle_cmd_converter.accel_map]: Exceeding the acc range. Desired acc: -2.400000 < min acc on map: -2.180000. return max value.
[autoware_raw_vehicle_cmd_converter_node-2] [WARN] [1785619342.977604203] [autoware_raw_vehicle_cmd_converter.accel_map]: Exceeding the acc range. Desired acc: -2.400000 < min acc on map: -2.180000. return max value.
[autoware_raw_vehicle_cmd_converter_node-2] [WARN] [1785619344.256021434] [autoware_raw_vehicle_cmd_converter.accel_map]: Exceeding the acc range. Desired acc: -2.400000 < min acc on map: -2.180000. return max value.
[autoware_raw_vehicle_cmd_converter_node-2] [WARN] [1785619346.778387403] [autoware_raw_vehicle_cmd_converter.accel_map]: Exceeding the acc range. Desired acc: -2.400000 < min acc on map: -2.180000. return max value.
[autoware_raw_vehicle_cmd_converter_node-2] [WARN] [1785619347.988025556] [autoware_raw_vehicle_cmd_converter.accel_map]: Exceeding the acc range. Desired acc: -2.400000 < min acc on map: -2.180000. return max value.
[autoware_raw_vehicle_cmd_converter_node-2] [WARN] [1785619349.338715769] [autoware_raw_vehicle_cmd_converter.accel_map]: Exceeding the acc range. Desired acc: -2.400000 < min acc on map: -2.180000. return max value.
[autoware_raw_vehicle_cmd_converter_node-2] [WARN] [1785619350.552393038] [autoware_raw_vehicle_cmd_converter.accel_map]: Exceeding the acc range. Desired acc: -2.400000 < min acc on map: -2.180000. return max value.
[autoware_raw_vehicle_cmd_converter_node-2] [WARN] [1785619352.172904806] [autoware_raw_vehicle_cmd_converter.accel_map]: Exceeding the acc range. Desired acc: -2.400000 < min acc on map: -2.180000. return max value.
[autoware_raw_vehicle_cmd_converter_node-2] [WARN] [1785619353.935920770] [autoware_raw_vehicle_cmd_converter.accel_map]: Exceeding the acc range. Desired acc: -2.400000 < min acc on map: -2.180000. return max value.
[autoware_raw_vehicle_cmd_converter_node-2] [WARN] [1785619355.126225485] [autoware_raw_vehicle_cmd_converter.accel_map]: Exceeding the acc range. Desired acc: -2.400000 < min acc on map: -2.180000. return max value.
[autoware_raw_vehicle_cmd_converter_node-2] [WARN] [1785619356.299974929] [autoware_raw_vehicle_cmd_converter.accel_map]: Exceeding the acc range. Desired acc: -2.400000 < min acc on map: -2.180000. return max value.
[autoware_raw_vehicle_cmd_converter_node-2] [WARN] [1785619357.492023708] [autoware_raw_vehicle_cmd_converter.accel_map]: Exceeding the acc range. Desired acc: -2.400000 < min acc on map: -2.180000. return max value.
[autoware_raw_vehicle_cmd_converter_node-2] [WARN] [1785619359.301345377] [autoware_raw_vehicle_cmd_converter.accel_map]: Exceeding the acc range. Desired acc: -2.400000 < min acc on map: -2.180000. return max value.
