[INFO] [launch]: All log files can be found below /root/.ros/log/2026-08-01-22-15-54-372574-youtalk-desktop-110
[INFO] [launch]: Default logging verbosity is set to INFO
[INFO] [autoware_carla_interface-1]: process started with pid [144]
[INFO] [autoware_raw_vehicle_cmd_converter_node-2]: process started with pid [146]
[INFO] [relay-3]: process started with pid [148]
[INFO] [relay-4]: process started with pid [150]
[INFO] [republish-5]: process started with pid [152]
[INFO] [republish-6]: process started with pid [154]
[INFO] [republish-7]: process started with pid [168]
[INFO] [republish-8]: process started with pid [170]
[INFO] [republish-9]: process started with pid [172]
[INFO] [republish-10]: process started with pid [174]
[INFO] [republish-11]: process started with pid [176]
[autoware_carla_interface-1] [INFO] [1785622554.723126145] [autoware_carla_interface]: Using Autoware sensor kit calibration: carla_sensor_kit_description
[autoware_carla_interface-1] [INFO] [1785622554.725419985] [autoware_carla_interface]: Registered sensor: top (type: sensor.lidar.ray_cast, topic: /sensing/lidar/top/pointcloud_raw_ex)
[autoware_carla_interface-1] [INFO] [1785622554.725555797] [autoware_carla_interface]: Registered sensor: gnss (type: sensor.other.gnss, topic: /sensing/gnss/pose_with_covariance)
[autoware_carla_interface-1] [INFO] [1785622554.725672616] [autoware_carla_interface]: Registered sensor: imu (type: sensor.other.imu, topic: /sensing/imu/tamagawa/imu_raw)
[autoware_carla_interface-1] [INFO] [1785622554.728026651] [autoware_carla_interface]: Created LiDAR publisher: /sensing/lidar/top/pointcloud_raw_ex
[autoware_carla_interface-1] [INFO] [1785622554.729178036] [autoware_carla_interface]: Created GNSS publisher: /sensing/gnss/pose_with_covariance
[autoware_carla_interface-1] [INFO] [1785622554.729612442] [autoware_carla_interface]: Created IMU publisher: /sensing/imu/tamagawa/imu_raw
[autoware_carla_interface-1] [INFO] [1785622554.729754042] [autoware_carla_interface]: Configured 3 sensors from mapping
[republish-11] [WARN] [1785622580.416500403] [traffic_light_republish]: New publisher discovered on topic '/sensing/camera/traffic_light/image_raw', offering incompatible QoS. No messages will be sent to it. Last incompatible policy: RELIABILITY_QOS_POLICY
[autoware_raw_vehicle_cmd_converter_node-2] [WARN] [1785622904.822144173] [autoware_raw_vehicle_cmd_converter.accel_map]: Exceeding the acc range. Desired acc: -2.400000 < min acc on map: -2.180000. return max value.
[autoware_raw_vehicle_cmd_converter_node-2] [WARN] [1785622913.827203454] [autoware_raw_vehicle_cmd_converter.accel_map]: Exceeding the acc range. Desired acc: -2.400000 < min acc on map: -2.180000. return max value.
[autoware_raw_vehicle_cmd_converter_node-2] [WARN] [1785622916.518992063] [autoware_raw_vehicle_cmd_converter.accel_map]: Exceeding the acc range. Desired acc: -2.400000 < min acc on map: -2.180000. return max value.
[autoware_raw_vehicle_cmd_converter_node-2] [WARN] [1785622917.630137643] [autoware_raw_vehicle_cmd_converter.accel_map]: Exceeding the acc range. Desired acc: -2.400000 < min acc on map: -2.180000. return max value.
[autoware_raw_vehicle_cmd_converter_node-2] [WARN] [1785622920.129462841] [autoware_raw_vehicle_cmd_converter.accel_map]: Exceeding the acc range. Desired acc: -2.400000 < min acc on map: -2.180000. return max value.
[autoware_raw_vehicle_cmd_converter_node-2] [WARN] [1785622923.331632092] [autoware_raw_vehicle_cmd_converter.accel_map]: Exceeding the acc range. Desired acc: -2.400000 < min acc on map: -2.180000. return max value.
[autoware_raw_vehicle_cmd_converter_node-2] [WARN] [1785622924.489734513] [autoware_raw_vehicle_cmd_converter.accel_map]: Exceeding the acc range. Desired acc: -2.400000 < min acc on map: -2.180000. return max value.
[autoware_raw_vehicle_cmd_converter_node-2] [WARN] [1785622929.494057404] [autoware_raw_vehicle_cmd_converter.accel_map]: Exceeding the acc range. Desired acc: -2.400000 < min acc on map: -2.180000. return max value.
[autoware_raw_vehicle_cmd_converter_node-2] [WARN] [1785622936.133001044] [autoware_raw_vehicle_cmd_converter.accel_map]: Exceeding the acc range. Desired acc: -2.400000 < min acc on map: -2.180000. return max value.
[autoware_raw_vehicle_cmd_converter_node-2] [WARN] [1785622938.835583866] [autoware_raw_vehicle_cmd_converter.accel_map]: Exceeding the acc range. Desired acc: -2.400000 < min acc on map: -2.180000. return max value.
[autoware_raw_vehicle_cmd_converter_node-2] [WARN] [1785622941.070503463] [autoware_raw_vehicle_cmd_converter.accel_map]: Exceeding the acc range. Desired acc: -2.400000 < min acc on map: -2.180000. return max value.
[autoware_raw_vehicle_cmd_converter_node-2] [WARN] [1785622943.547715235] [autoware_raw_vehicle_cmd_converter.accel_map]: Exceeding the acc range. Desired acc: -2.400000 < min acc on map: -2.180000. return max value.
[autoware_raw_vehicle_cmd_converter_node-2] [WARN] [1785622944.702376220] [autoware_raw_vehicle_cmd_converter.accel_map]: Exceeding the acc range. Desired acc: -2.400000 < min acc on map: -2.180000. return max value.
[autoware_raw_vehicle_cmd_converter_node-2] [WARN] [1785622946.505943104] [autoware_raw_vehicle_cmd_converter.accel_map]: Exceeding the acc range. Desired acc: -2.400000 < min acc on map: -2.180000. return max value.
[autoware_raw_vehicle_cmd_converter_node-2] [WARN] [1785622951.590921531] [autoware_raw_vehicle_cmd_converter.accel_map]: Exceeding the acc range. Desired acc: -2.400000 < min acc on map: -2.180000. return max value.
[autoware_raw_vehicle_cmd_converter_node-2] [WARN] [1785622953.454525159] [autoware_raw_vehicle_cmd_converter.accel_map]: Exceeding the acc range. Desired acc: -2.400000 < min acc on map: -2.180000. return max value.
