OK: map Town10HD_Opt  autoware bundle /autoware_map/town10-regen
OK: export CARLA_AUTOWARE_MAP=Town10HD_Opt  # gate scripts in this shell need this too
OK: editor plugin .so is newer than HEAD (1785790050 >= 1785789893)
OK: engine and Carla module BuildId agree (bc08ce19-f19c-46fe-808f-dbb2b0ddf41a)
OK: /home/youtalk/src/carla-autoware-extension-worktrees/bench-p0/extension/build/libcarla-autoware-extension.so exports carla_ros2_extension_init
OK: reusing extracted fork carla wheel at /tmp/carla-e2e-carla-wheel
OK: export PYTHONPATH=/tmp/carla-e2e-carla-wheel:$PYTHONPATH  # gate scripts in this shell need this too
OK: fork carla wheel injected; World.set_publish_tf present
OK: CARLA RPC port 2000 bound after 20s
scripts/e2e/run_e2e.sh: line 249: 754221 Segmentation fault      (core dumped) "$CARLA_UNREAL_ENGINE_PATH/Engine/Binaries/Linux/UnrealEditor" "$CARLA_ROOT/Unreal/CarlaUnreal/CarlaUnreal.uproject" "$MAP" -game -RenderOffScreen -nosound --ros2 --rmw=cyclonedds --ros2-extension="$EXT_SO" > "$LOG" 2>&1
WARNING: attempting to destroy an actor that is already dead: Actor 26 (sensor.lidar.ray_cast) 
WARNING: attempting to destroy an actor that is already dead: Actor 27 (sensor.other.imu) 
WARNING: attempting to destroy an actor that is already dead: Actor 25 (vehicle.lincoln.mkz) 
Traceback (most recent call last):
  File "/home/youtalk/src/carla-autoware-extension-worktrees/bench-p0/runner/loop.py", line 87, in run_sync_loop
    world.tick()
RuntimeError: std::exception

During handling of the above exception, another exception occurred:

Traceback (most recent call last):
  File "<frozen runpy>", line 198, in _run_module_as_main
  File "<frozen runpy>", line 88, in _run_code
  File "/home/youtalk/src/carla-autoware-extension-worktrees/bench-p0/runner/__main__.py", line 362, in <module>
    raise SystemExit(main())
                     ^^^^^^
  File "/home/youtalk/src/carla-autoware-extension-worktrees/bench-p0/runner/__main__.py", line 333, in main
    loop(
  File "/home/youtalk/src/carla-autoware-extension-worktrees/bench-p0/runner/loop.py", line 97, in run_sync_loop
    world.apply_settings(settings)
RuntimeError: std::exception
