[INFO] [launch]: All log files can be found below /root/.ros/log/2026-08-01-21-02-41-628213-youtalk-desktop-112
[INFO] [launch]: Default logging verbosity is set to INFO
[INFO] [autoware_carla_interface-1]: process started with pid [146]
[INFO] [autoware_raw_vehicle_cmd_converter_node-2]: process started with pid [148]
[INFO] [relay-3]: process started with pid [150]
[INFO] [relay-4]: process started with pid [152]
[INFO] [republish-5]: process started with pid [154]
[INFO] [republish-6]: process started with pid [164]
[INFO] [republish-7]: process started with pid [166]
[INFO] [republish-8]: process started with pid [170]
[INFO] [republish-9]: process started with pid [173]
[INFO] [republish-10]: process started with pid [175]
[INFO] [republish-11]: process started with pid [180]
[INFO] [multi_camera_combiner-12]: process started with pid [182]
[multi_camera_combiner-12] [INFO] [1785618161.970522673] [multi_camera_combiner]: Multi-camera combiner node started
[autoware_carla_interface-1] [INFO] [1785618161.983497964] [autoware_carla_interface]: Using Autoware sensor kit calibration: carla_sensor_kit_description
[autoware_carla_interface-1] [INFO] [1785618161.986071853] [autoware_carla_interface]: Registered sensor: CAM_FRONT (type: sensor.camera.rgb, topic: /sensing/camera/CAM_FRONT/image_raw)
[autoware_carla_interface-1] [INFO] [1785618161.986213281] [autoware_carla_interface]: Registered sensor: CAM_FRONT_LEFT (type: sensor.camera.rgb, topic: /sensing/camera/CAM_FRONT_LEFT/image_raw)
[autoware_carla_interface-1] [INFO] [1785618161.986340628] [autoware_carla_interface]: Registered sensor: CAM_FRONT_RIGHT (type: sensor.camera.rgb, topic: /sensing/camera/CAM_FRONT_RIGHT/image_raw)
[autoware_carla_interface-1] [INFO] [1785618161.986461965] [autoware_carla_interface]: Registered sensor: CAM_BACK (type: sensor.camera.rgb, topic: /sensing/camera/CAM_BACK/image_raw)
[autoware_carla_interface-1] [INFO] [1785618161.986580006] [autoware_carla_interface]: Registered sensor: CAM_BACK_LEFT (type: sensor.camera.rgb, topic: /sensing/camera/CAM_BACK_LEFT/image_raw)
[autoware_carla_interface-1] [INFO] [1785618161.986698337] [autoware_carla_interface]: Registered sensor: CAM_BACK_RIGHT (type: sensor.camera.rgb, topic: /sensing/camera/CAM_BACK_RIGHT/image_raw)
[autoware_carla_interface-1] [INFO] [1785618161.986818783] [autoware_carla_interface]: Registered sensor: top (type: sensor.lidar.ray_cast, topic: /sensing/lidar/top/pointcloud_before_sync)
[autoware_carla_interface-1] [INFO] [1785618161.986934858] [autoware_carla_interface]: Registered sensor: gnss (type: sensor.other.gnss, topic: /sensing/gnss/pose_with_covariance)
[autoware_carla_interface-1] [INFO] [1785618161.987053037] [autoware_carla_interface]: Registered sensor: imu (type: sensor.other.imu, topic: /sensing/imu/tamagawa/imu_raw)
[autoware_carla_interface-1] [INFO] [1785618161.989475613] [autoware_carla_interface]: Created camera publisher: /sensing/camera/CAM_FRONT/image_raw
[autoware_carla_interface-1] [INFO] [1785618161.989954424] [autoware_carla_interface]: Created camera info publisher: /sensing/camera/CAM_FRONT/camera_info
[autoware_carla_interface-1] [INFO] [1785618161.990268096] [autoware_carla_interface]: Created camera publisher: /sensing/camera/CAM_FRONT_LEFT/image_raw
[autoware_carla_interface-1] [INFO] [1785618161.990542944] [autoware_carla_interface]: Created camera info publisher: /sensing/camera/CAM_FRONT_LEFT/camera_info
[autoware_carla_interface-1] [INFO] [1785618161.990821739] [autoware_carla_interface]: Created camera publisher: /sensing/camera/CAM_FRONT_RIGHT/image_raw
[autoware_carla_interface-1] [INFO] [1785618161.991090193] [autoware_carla_interface]: Created camera info publisher: /sensing/camera/CAM_FRONT_RIGHT/camera_info
[autoware_carla_interface-1] [INFO] [1785618161.991375973] [autoware_carla_interface]: Created camera publisher: /sensing/camera/CAM_BACK/image_raw
[autoware_carla_interface-1] [INFO] [1785618161.991659640] [autoware_carla_interface]: Created camera info publisher: /sensing/camera/CAM_BACK/camera_info
[autoware_carla_interface-1] [INFO] [1785618161.991926830] [autoware_carla_interface]: Created camera publisher: /sensing/camera/CAM_BACK_LEFT/image_raw
[autoware_carla_interface-1] [INFO] [1785618161.992192821] [autoware_carla_interface]: Created camera info publisher: /sensing/camera/CAM_BACK_LEFT/camera_info
[autoware_carla_interface-1] [INFO] [1785618161.992486182] [autoware_carla_interface]: Created camera publisher: /sensing/camera/CAM_BACK_RIGHT/image_raw
[autoware_carla_interface-1] [INFO] [1785618161.992759759] [autoware_carla_interface]: Created camera info publisher: /sensing/camera/CAM_BACK_RIGHT/camera_info
[autoware_carla_interface-1] [INFO] [1785618161.993189495] [autoware_carla_interface]: Created LiDAR publisher: /sensing/lidar/top/pointcloud_before_sync
[autoware_carla_interface-1] [INFO] [1785618161.994444454] [autoware_carla_interface]: Created GNSS publisher: /sensing/gnss/pose_with_covariance
[autoware_carla_interface-1] [INFO] [1785618161.994903045] [autoware_carla_interface]: Created IMU publisher: /sensing/imu/tamagawa/imu_raw
[autoware_carla_interface-1] [INFO] [1785618161.995060952] [autoware_carla_interface]: Configured 9 sensors from mapping
[multi_camera_combiner-12] [WARN] [1785618162.063980691] [multi_camera_combiner]: Waiting for images from: ['CAM_FRONT', 'CAM_FRONT_LEFT', 'CAM_FRONT_RIGHT', 'CAM_BACK', 'CAM_BACK_LEFT', 'CAM_BACK_RIGHT']
[multi_camera_combiner-12] [INFO] [1785618172.069524252] [multi_camera_combiner]: Received first image from CAM_FRONT
[multi_camera_combiner-12] [INFO] [1785618172.079471626] [multi_camera_combiner]: Received first image from CAM_FRONT_LEFT
[multi_camera_combiner-12] [INFO] [1785618172.107255015] [multi_camera_combiner]: Received first image from CAM_BACK_RIGHT
[multi_camera_combiner-12] [INFO] [1785618172.116327414] [multi_camera_combiner]: Received first image from CAM_FRONT_RIGHT
[multi_camera_combiner-12] [INFO] [1785618172.126664940] [multi_camera_combiner]: Received first image from CAM_BACK_LEFT
[multi_camera_combiner-12] [INFO] [1785618172.136720965] [multi_camera_combiner]: Received first image from CAM_BACK
[multi_camera_combiner-12] [INFO] [1785618172.163582538] [multi_camera_combiner]: All cameras received! Starting to publish combined image.
[republish-11] [WARN] [1785618189.949363669] [traffic_light_republish]: New publisher discovered on topic '/sensing/camera/traffic_light/image_raw', offering incompatible QoS. No messages will be sent to it. Last incompatible policy: RELIABILITY_QOS_POLICY
[autoware_raw_vehicle_cmd_converter_node-2] [WARN] [1785618351.922682382] [autoware_raw_vehicle_cmd_converter.accel_map]: Exceeding the acc range. Desired acc: -2.400000 < min acc on map: -2.180000. return max value.
[autoware_raw_vehicle_cmd_converter_node-2] [WARN] [1785618354.094977170] [autoware_raw_vehicle_cmd_converter.accel_map]: Exceeding the acc range. Desired acc: -2.400000 < min acc on map: -2.180000. return max value.
[autoware_raw_vehicle_cmd_converter_node-2] [WARN] [1785618358.812684945] [autoware_raw_vehicle_cmd_converter.accel_map]: Exceeding the acc range. Desired acc: -2.400000 < min acc on map: -2.180000. return max value.
[autoware_raw_vehicle_cmd_converter_node-2] [WARN] [1785618359.815472231] [autoware_raw_vehicle_cmd_converter.accel_map]: Exceeding the acc range. Desired acc: -2.400000 < min acc on map: -2.180000. return max value.
[autoware_raw_vehicle_cmd_converter_node-2] [WARN] [1785618361.519653394] [autoware_raw_vehicle_cmd_converter.accel_map]: Exceeding the acc range. Desired acc: -2.400000 < min acc on map: -2.180000. return max value.
[autoware_raw_vehicle_cmd_converter_node-2] [WARN] [1785618363.108631061] [autoware_raw_vehicle_cmd_converter.accel_map]: Exceeding the acc range. Desired acc: -2.400000 < min acc on map: -2.180000. return max value.
[autoware_raw_vehicle_cmd_converter_node-2] [WARN] [1785618365.882879948] [autoware_raw_vehicle_cmd_converter.accel_map]: Exceeding the acc range. Desired acc: -2.400000 < min acc on map: -2.180000. return max value.
[autoware_raw_vehicle_cmd_converter_node-2] [WARN] [1785618370.679152489] [autoware_raw_vehicle_cmd_converter.accel_map]: Exceeding the acc range. Desired acc: -2.400000 < min acc on map: -2.180000. return max value.
[autoware_raw_vehicle_cmd_converter_node-2] [WARN] [1785618371.732375982] [autoware_raw_vehicle_cmd_converter.accel_map]: Exceeding the acc range. Desired acc: -2.400000 < min acc on map: -2.180000. return max value.
[autoware_raw_vehicle_cmd_converter_node-2] [WARN] [1785618374.908262869] [autoware_raw_vehicle_cmd_converter.accel_map]: Exceeding the acc range. Desired acc: -2.400000 < min acc on map: -2.180000. return max value.
[autoware_raw_vehicle_cmd_converter_node-2] [WARN] [1785618377.120359032] [autoware_raw_vehicle_cmd_converter.accel_map]: Exceeding the acc range. Desired acc: -2.400000 < min acc on map: -2.180000. return max value.
[autoware_raw_vehicle_cmd_converter_node-2] [WARN] [1785618378.473186315] [autoware_raw_vehicle_cmd_converter.accel_map]: Exceeding the acc range. Desired acc: -2.400000 < min acc on map: -2.180000. return max value.
[autoware_raw_vehicle_cmd_converter_node-2] [WARN] [1785618380.171656232] [autoware_raw_vehicle_cmd_converter.accel_map]: Exceeding the acc range. Desired acc: -2.400000 < min acc on map: -2.180000. return max value.
[autoware_raw_vehicle_cmd_converter_node-2] [WARN] [1785618382.032477844] [autoware_raw_vehicle_cmd_converter.accel_map]: Exceeding the acc range. Desired acc: -2.400000 < min acc on map: -2.180000. return max value.
[autoware_raw_vehicle_cmd_converter_node-2] [WARN] [1785618383.322895733] [autoware_raw_vehicle_cmd_converter.accel_map]: Exceeding the acc range. Desired acc: -2.400000 < min acc on map: -2.180000. return max value.
[autoware_raw_vehicle_cmd_converter_node-2] [WARN] [1785618385.253179869] [autoware_raw_vehicle_cmd_converter.accel_map]: Exceeding the acc range. Desired acc: -2.400000 < min acc on map: -2.180000. return max value.
[autoware_raw_vehicle_cmd_converter_node-2] [WARN] [1785618386.930354035] [autoware_raw_vehicle_cmd_converter.accel_map]: Exceeding the acc range. Desired acc: -2.400000 < min acc on map: -2.180000. return max value.
[autoware_raw_vehicle_cmd_converter_node-2] [WARN] [1785618388.115349448] [autoware_raw_vehicle_cmd_converter.accel_map]: Exceeding the acc range. Desired acc: -2.400000 < min acc on map: -2.180000. return max value.
[autoware_raw_vehicle_cmd_converter_node-2] [WARN] [1785618390.209135853] [autoware_raw_vehicle_cmd_converter.accel_map]: Exceeding the acc range. Desired acc: -2.400000 < min acc on map: -2.180000. return max value.
[autoware_raw_vehicle_cmd_converter_node-2] [WARN] [1785618392.087779331] [autoware_raw_vehicle_cmd_converter.accel_map]: Exceeding the acc range. Desired acc: -2.400000 < min acc on map: -2.180000. return max value.
[autoware_raw_vehicle_cmd_converter_node-2] [WARN] [1785618394.682230490] [autoware_raw_vehicle_cmd_converter.accel_map]: Exceeding the acc range. Desired acc: -2.400000 < min acc on map: -2.180000. return max value.
[autoware_raw_vehicle_cmd_converter_node-2] [WARN] [1785618396.448622160] [autoware_raw_vehicle_cmd_converter.accel_map]: Exceeding the acc range. Desired acc: -2.400000 < min acc on map: -2.180000. return max value.
[autoware_raw_vehicle_cmd_converter_node-2] [WARN] [1785618398.824179782] [autoware_raw_vehicle_cmd_converter.accel_map]: Exceeding the acc range. Desired acc: -2.400000 < min acc on map: -2.180000. return max value.
[autoware_raw_vehicle_cmd_converter_node-2] [WARN] [1785618399.924185952] [autoware_raw_vehicle_cmd_converter.accel_map]: Exceeding the acc range. Desired acc: -2.400000 < min acc on map: -2.180000. return max value.
[autoware_raw_vehicle_cmd_converter_node-2] [WARN] [1785618401.088449155] [autoware_raw_vehicle_cmd_converter.accel_map]: Exceeding the acc range. Desired acc: -2.400000 < min acc on map: -2.180000. return max value.
[autoware_raw_vehicle_cmd_converter_node-2] [WARN] [1785618403.562500659] [autoware_raw_vehicle_cmd_converter.accel_map]: Exceeding the acc range. Desired acc: -2.400000 < min acc on map: -2.180000. return max value.
[autoware_raw_vehicle_cmd_converter_node-2] [WARN] [1785618406.512008920] [autoware_raw_vehicle_cmd_converter.accel_map]: Exceeding the acc range. Desired acc: -2.400000 < min acc on map: -2.180000. return max value.
[autoware_raw_vehicle_cmd_converter_node-2] [WARN] [1785618409.440935287] [autoware_raw_vehicle_cmd_converter.accel_map]: Exceeding the acc range. Desired acc: -2.400000 < min acc on map: -2.180000. return max value.
[autoware_raw_vehicle_cmd_converter_node-2] [WARN] [1785618411.806727889] [autoware_raw_vehicle_cmd_converter.accel_map]: Exceeding the acc range. Desired acc: -2.400000 < min acc on map: -2.180000. return max value.
[autoware_raw_vehicle_cmd_converter_node-2] [WARN] [1785618413.562574508] [autoware_raw_vehicle_cmd_converter.accel_map]: Exceeding the acc range. Desired acc: -2.400000 < min acc on map: -2.180000. return max value.
[autoware_raw_vehicle_cmd_converter_node-2] [WARN] [1785618415.219321333] [autoware_raw_vehicle_cmd_converter.accel_map]: Exceeding the acc range. Desired acc: -2.400000 < min acc on map: -2.180000. return max value.
[autoware_raw_vehicle_cmd_converter_node-2] [WARN] [1785618417.304603280] [autoware_raw_vehicle_cmd_converter.accel_map]: Exceeding the acc range. Desired acc: -2.400000 < min acc on map: -2.180000. return max value.
[autoware_raw_vehicle_cmd_converter_node-2] [WARN] [1785618419.145413710] [autoware_raw_vehicle_cmd_converter.accel_map]: Exceeding the acc range. Desired acc: -2.400000 < min acc on map: -2.180000. return max value.
