
################ duel pair 1/3 -> A ################
=== A  arm=static  run 1/1 ===

 1. cell_info: resolve cell + class, check the arm
      cell=A approach=extension map=Town10HD_Opt carla=0.10-fork arms=[static closed-loop]
      topics=/home/youtalk/src/carla-autoware-extension-worktrees/bench-p0/benchmarks/config/observer_topics/A.yaml
      processes=/home/youtalk/src/carla-autoware-extension-worktrees/bench-p0/benchmarks/config/processes/A.yaml
      route=/home/youtalk/src/carla-autoware-extension-worktrees/bench-p0/benchmarks/config/routes/Town10HD_Opt.yaml  tl_groups=/home/youtalk/src/carla-autoware-extension-worktrees/bench-p0/benchmarks/config/tl_groups/Town10HD_Opt.yaml
      autoware_image=ghcr.io/autowarefoundation/autoware:universe-devel
      observer_image=bench-observer:universe-devel

 2. RUN_DIR: next gap-free index under results/A
      /home/youtalk/src/carla-autoware-extension-worktrees/bench-p0/benchmarks/results/A/run-023

 3. preflight: host load, disk, RPC port, stale SHM, engine BuildId
      $ bash /home/youtalk/src/carla-autoware-extension-worktrees/bench-p0/benchmarks/scripts/preflight.sh A --port 2000 --results-dir /home/youtalk/src/carla-autoware-extension-worktrees/bench-p0/benchmarks/results
      cpu_governor=powersave
      nproc=24
      loadavg=1.20
      results_fs=/home
      free_gb=453
      carla_rpc_port=2000
      shm_user_cleared=84
      shm_root_cleared=0
      shm_root_remaining=0
      engine_build_id=bc08ce19-f19c-46fe-808f-dbb2b0ddf41a
      carla_tree=/home/youtalk/src/carla-autoware-integration
      map_bundle_pin=town10_pcd_regen

 4. write_manifest: transport, versions, placement; excluded=false
      $ python3 -m benchmarks.scripts.write_manifest --run-dir /home/youtalk/src/carla-autoware-extension-worktrees/bench-p0/benchmarks/results/A/run-023 --cell A --arm static --rmw rmw_cyclonedds_cpp --shm off --dds-profile /home/youtalk/src/carla-autoware-extension-worktrees/bench-p0/docker/cyclonedds.xml --carla-version 0.10-fork --autoware-image ghcr.io/autowarefoundation/autoware:universe-devel --placement-json '<json>' --duel --duel-id A+B-cyc
      duel_admissible=true (--duel): this run WILL feed the primary duel's equivalence verdict

 5. cells/extension.sh: boot sim + stack, wait for readiness
      $ bash /home/youtalk/src/carla-autoware-extension-worktrees/bench-p0/benchmarks/cells/extension.sh up
OK: base_link anchor +0.00000000 m (no vehicle shift)
 Container autoware Running 
waiting up to 420s for CARLA + ego (log: /home/youtalk/src/carla-autoware-extension-worktrees/bench-p0/benchmarks/results/A/run-023/launch.log)
OK: CARLA up on port 2000 with a spawned ego

 6. observer: bench_observer container recording into the run dir
      $ cp /home/youtalk/src/carla-autoware-extension-worktrees/bench-p0/benchmarks/config/observer_topics/A.yaml /home/youtalk/src/carla-autoware-extension-worktrees/bench-p0/benchmarks/results/A/run-023/observer_topics.yaml
      $ docker run -d --name bench-observer --net=host --ipc=host -v /home/youtalk/src/carla-autoware-extension-worktrees/bench-p0/benchmarks/results/A/run-023:/out -e RMW_IMPLEMENTATION=rmw_cyclonedds_cpp -e CYCLONEDDS_URI=file:///dds-profile.xml -v /home/youtalk/src/carla-autoware-extension-worktrees/bench-p0/docker/cyclonedds.xml:/dds-profile.xml:ro bench-observer:universe-devel bash -lc '<sourced> exec bench_observer ...'

 7. sampler + collect_gt + clock_watchdog (background)
      $ python3 -m benchmarks.sampler.sample_resources --processes /home/youtalk/src/carla-autoware-extension-worktrees/bench-p0/benchmarks/config/processes/A.yaml --out /home/youtalk/src/carla-autoware-extension-worktrees/bench-p0/benchmarks/results/A/run-023/resources.csv --interval 1.0
      $ env PYTHONPATH=/home/youtalk/src/carla-autoware-extension-worktrees/bench-p0 /home/youtalk/carla-venv/bin/python3 -m benchmarks.scripts.collect_gt --host localhost --port 2000 --role-name ego --map Town10HD_Opt --approach extension --out /home/youtalk/src/carla-autoware-extension-worktrees/bench-p0/benchmarks/results/A/run-023/gt.csv --count-lidar
      $ python3 -m benchmarks.scripts.clock_watchdog --clock-csv /home/youtalk/src/carla-autoware-extension-worktrees/bench-p0/benchmarks/results/A/run-023/clock.csv --stall-s 5 --grace-s 30 --marker /home/youtalk/src/carla-autoware-extension-worktrees/bench-p0/benchmarks/results/A/run-023/clock_stall.marker

 8. injector: clear-road objects + all-green signals (docker exec)
      $ docker exec -e ROS_DOMAIN_ID=0 autoware bash -lc '<setup> PYTHONPATH=/work:$PYTHONPATH python3 /work/benchmarks/injector/dummy_perception.py --tl-groups /work/benchmarks/config/tl_groups/Town10HD_Opt.yaml --grid-center 82.654 -37.160 --grid-size 315.157'

 9. arm: localization only (static) or route + engage (closed-loop)
      $ docker exec -e ROS_DOMAIN_ID=0 autoware bash -lc '<setup> python3 /work/benchmarks/injector/arm_and_goal.py --goal 74.869 66.891 2.926174 --wait-localized-only --timeout 60'
[INFO] [1785817629.706478010] [arm_and_goal]: waiting for /localization/kinematic_state >= 5 Hz over 5 s (timeout 60 s)
[INFO] [1785817630.906319194] [arm_and_goal]: arm observations [localized]: mode=-1 autonomous=False is_autoware_control_enabled=False is_autonomous_mode_available=False control_cmd_hz~0.00 n=0 nonzero_longitudinal=0/0 frac=nan peak_abs_velocity=0.000 ego_displacement_m=0.000 ego_speed_mps=0.000
LOCALIZED: /localization/kinematic_state sustained 5 Hz over 5 s (static arm; no route set, not engaged)

10. window: sleep 60s (static arm)
      $ sleep 60

11. teardown: watchdog + GT -> observer (SIGINT, to flush) -> stack -> sim
      $ bash /home/youtalk/src/carla-autoware-extension-worktrees/bench-p0/benchmarks/scripts/teardown.sh /home/youtalk/src/carla-autoware-extension-worktrees/bench-p0/benchmarks/results/A/run-023
teardown: SIGTERM clock watchdog (pid 1078701)
teardown: SIGINT container bench-observer
teardown: SIGTERM gt collector (pid 1078700)
teardown: SIGTERM resource sampler (pid 1078699)
teardown: SIGTERM run_e2e.sh (pid 1074874)
teardown: saved carla-editor.log (editor stdout/stderr from /tmp/carla-e2e.log)
teardown: docker compose down (/home/youtalk/src/carla-autoware-extension-worktrees/bench-p0/docker/compose.yaml)
teardown: done

12. finalize_rtf: fill resources.csv's rtf column from clock.csv
      $ python3 -m benchmarks.sampler.finalize_rtf --resources /home/youtalk/src/carla-autoware-extension-worktrees/bench-p0/benchmarks/results/A/run-023/resources.csv --clock /home/youtalk/src/carla-autoware-extension-worktrees/bench-p0/benchmarks/results/A/run-023/clock.csv

13. M5 gate: write quality.json (pose_error, goal, NDT rate, G1 ladder)
      $ python3 -m benchmarks.scripts.write_quality --run-dir /home/youtalk/src/carla-autoware-extension-worktrees/bench-p0/benchmarks/results/A/run-023
/home/youtalk/src/carla-autoware-extension-worktrees/bench-p0/benchmarks/results/A/run-023/quality.json: gate_pass=True branch=absolute ndt_rate_ratio=1.000 pose_err_max_m=0.094

14. exclusions: clock stall, short unpaced window, silent control gate
      $ if /home/youtalk/src/carla-autoware-extension-worktrees/bench-p0/benchmarks/results/A/run-023/clock_stall.marker exists: write_manifest --exclude 'stall:clock'
      none

15. smoke: the results tree renders through the real analysis path
      $ python3 -c 'benchmarks.report.summarize_run(/home/youtalk/src/carla-autoware-extension-worktrees/bench-p0/benchmarks/results/A/run-023); render_cell(/home/youtalk/src/carla-autoware-extension-worktrees/bench-p0/benchmarks/results/A)'
      OK (/home/youtalk/src/carla-autoware-extension-worktrees/bench-p0/benchmarks/results/A/run-023/report.md)

run 1/1 complete: /home/youtalk/src/carla-autoware-extension-worktrees/bench-p0/benchmarks/results/A/run-023

duel: pacing 120s floor before B-cyc (pair 1) -- inter-run host-idle time is a measurement condition, see the pacing block near the top of this script
duel: pacing done for B-cyc (pair 1) -- waited 120s total (floor 120s + top-up 0s), loadavg now 1.64

################ duel pair 1/3 -> B-cyc ################
=== B-cyc  arm=static  run 1/1 ===

 1. cell_info: resolve cell + class, check the arm
      cell=B-cyc approach=tier4-native map=Town10HD_Opt carla=0.10-tier4 arms=[static closed-loop]
      transport: -> rmw_fastrtps_cpp, shm off, /home/youtalk/src/carla-autoware-extension-worktrees/bench-p0/benchmarks/observer/config/udp_only.xml (required for the tier4-native family)
      transport: -> rmw_cyclonedds_cpp, shm off, none (registered for cell B-cyc)
      topics=/home/youtalk/src/carla-autoware-extension-worktrees/bench-p0/benchmarks/config/observer_topics/B-cyc.yaml
      processes=/home/youtalk/src/carla-autoware-extension-worktrees/bench-p0/benchmarks/config/processes/B-cyc.yaml
      route=/home/youtalk/src/carla-autoware-extension-worktrees/bench-p0/benchmarks/config/routes/Town10HD_Opt.yaml  tl_groups=/home/youtalk/src/carla-autoware-extension-worktrees/bench-p0/benchmarks/config/tl_groups/Town10HD_Opt.yaml
      autoware_image=ghcr.io/autowarefoundation/autoware@sha256:5c22369a312f1cd8a03fb65b30c1ab542919c2c7a2cbd18e799956daef3ae8ee
      observer_image=bench-observer:universe-devel

 2. RUN_DIR: next gap-free index under results/B-cyc
      /home/youtalk/src/carla-autoware-extension-worktrees/bench-p0/benchmarks/results/B-cyc/run-009

 3. preflight: host load, disk, RPC port, stale SHM, engine BuildId
      $ bash /home/youtalk/src/carla-autoware-extension-worktrees/bench-p0/benchmarks/scripts/preflight.sh B-cyc --port 2000 --results-dir /home/youtalk/src/carla-autoware-extension-worktrees/bench-p0/benchmarks/results
OK: tier4 plugin artifacts are newer than every source under /home/youtalk/src/carla-autoware-native/LibCarla/source /home/youtalk/src/carla-autoware-native/Unreal/CarlaUnreal/Plugins/Carla/Source /home/youtalk/src/carla-autoware-native/LibCarla/CMakeLists.txt /home/youtalk/src/carla-autoware-native/CMake
OK: tier4 tree identity recorded
      cpu_governor=powersave
      nproc=24
      loadavg=1.64
      results_fs=/home
      free_gb=453
      carla_rpc_port=2000
      shm_user_cleared=0
      shm_root_cleared=0
      shm_root_remaining=0
      engine_build_id=bc08ce19-f19c-46fe-808f-dbb2b0ddf41a
      carla_tree=/home/youtalk/src/carla-autoware-native
      map_bundle_pin=town10_pcd_regen
      tier4_git_sha=6315b856f8faf2118578322eb20a2b902a45a384
      tier4_worktree=registered-patches
      tier4_worktree_paths_sha256=880c2127133214ea5fee1dff1efbf1b8b5c2e9a3a3a9de10156bc299026eafc6
      tier4_worktree_content_sha256=23038d8c20a6a0691f941bd9f0be427819a8151c81088c30cf67222764ed3e49
      tier4_plugin_sha256=26f95decb0b18dda86f73f6c1ebd2445a287d8dedde3f1cb1544bfffbd093c4e
      tier4_ros2_native_sha256=4485f7b6b74404729a605107a6b2c851286cd942c89db416e811677fc62f3149
      tier4_source_sha256=eb8aa9af8d91b65a587409771db0c08a47f3584076a06e18cd665d13db71f5e5
      tier4_plugin_mtime=1785782939
      tier4_ros2_native_mtime=1785786075
      tier4_newest_source_mtime=1785196190
      tier4_stale_ack=none
      tier4_stale_ack_reason=-
      tier4_stale_ack_source_sha256=-
      tier4_stale_ack_artifacts=-

 4. write_manifest: transport, versions, placement; excluded=false
      $ python3 -m benchmarks.scripts.write_manifest --run-dir /home/youtalk/src/carla-autoware-extension-worktrees/bench-p0/benchmarks/results/B-cyc/run-009 --cell B-cyc --arm static --rmw rmw_cyclonedds_cpp --shm off --dds-profile none --carla-version 0.10-tier4 --autoware-image ghcr.io/autowarefoundation/autoware@sha256:5c22369a312f1cd8a03fb65b30c1ab542919c2c7a2cbd18e799956daef3ae8ee --placement-json '<json>' --duel --duel-id A+B-cyc
      duel_admissible=true (--duel): this run WILL feed the primary duel's equivalence verdict

 5. cells/tier4-native.sh: boot sim + stack, wait for readiness
      $ bash /home/youtalk/src/carla-autoware-extension-worktrees/bench-p0/benchmarks/cells/tier4-native.sh up
OK: tier4 plugin artifacts are newer than every source under /home/youtalk/src/carla-autoware-native/LibCarla/source /home/youtalk/src/carla-autoware-native/Unreal/CarlaUnreal/Plugins/Carla/Source /home/youtalk/src/carla-autoware-native/LibCarla/CMakeLists.txt /home/youtalk/src/carla-autoware-native/CMake
OK: tier4 tree identity recorded
waiting up to 420s for CARLA RPC on 2000 (log: /home/youtalk/src/carla-autoware-extension-worktrees/bench-p0/benchmarks/results/B-cyc/run-009/launch.log)
OK: tier4 CARLA up on port 2000
starting the tier4 Autoware stack via /home/youtalk/src/carla-autoware-extension-worktrees/bench-p0/benchmarks/cells/tier4_autoware.sh
OK: base_link anchor -1.39706787 m matches /home/youtalk/src/carla-autoware-native/PythonAPI/examples/autoware_demo.py
starting the tier4 demo (ego + sensors + 20 Hz sync tick)
waiting up to 180s for CARLA + the tier4 ego
OK: tier4 ego + sensor rig up, world ticking at 20 Hz
OK: bringing Autoware up (map Town10HD_Opt, bundle /autoware_map/town10-regen) -- log /tmp/tier4-autoware.log
waiting up to 120s for /sensing/lidar/top/pointcloud_raw_ex to be readable in the container
OK: the fork's LiDAR is readable inside the stack (Task 9 rung 1 holds)
OK: concat relay /sensing/lidar/top/pointcloud_before_sync -> /sensing/lidar/concatenated/pointcloud
seeding localization at the ego's ground-truth map pose: 53.917 -141.136 -0.002 -0.004518
[INFO] [1785817889.318637319] [seed_localization]: seeding /localization/initialize at (53.917, -141.136, -0.002) yaw=-0.26 deg (timeout 90 s)
SEEDED: NDT locked within 1.0 m of (53.917, -141.136)
OK: NDT locked on the seeded pose
waiting up to 300s for /localization/kinematic_state
OK: tier4 Autoware stack up on Town10HD_Opt and localizing
OK: tier4 Autoware stack reported ready

 6. observer: bench_observer container recording into the run dir
      $ cp /home/youtalk/src/carla-autoware-extension-worktrees/bench-p0/benchmarks/config/observer_topics/B-cyc.yaml /home/youtalk/src/carla-autoware-extension-worktrees/bench-p0/benchmarks/results/B-cyc/run-009/observer_topics.yaml
      $ docker run -d --name bench-observer --net=host --ipc=host -v /home/youtalk/src/carla-autoware-extension-worktrees/bench-p0/benchmarks/results/B-cyc/run-009:/out -e RMW_IMPLEMENTATION=rmw_cyclonedds_cpp  bench-observer:universe-devel bash -lc '<sourced> exec bench_observer ...'

 7. sampler + collect_gt + clock_watchdog (background)
      $ python3 -m benchmarks.sampler.sample_resources --processes /home/youtalk/src/carla-autoware-extension-worktrees/bench-p0/benchmarks/config/processes/B-cyc.yaml --out /home/youtalk/src/carla-autoware-extension-worktrees/bench-p0/benchmarks/results/B-cyc/run-009/resources.csv --interval 1.0
      $ env PYTHONPATH=/home/youtalk/src/carla-autoware-extension-worktrees/bench-p0 /home/youtalk/carla-tier4-venv/bin/python3 -m benchmarks.scripts.collect_gt --host localhost --port 2000 --role-name ego --map Town10HD_Opt --approach tier4-native --out /home/youtalk/src/carla-autoware-extension-worktrees/bench-p0/benchmarks/results/B-cyc/run-009/gt.csv --count-lidar
      $ python3 -m benchmarks.scripts.clock_watchdog --clock-csv /home/youtalk/src/carla-autoware-extension-worktrees/bench-p0/benchmarks/results/B-cyc/run-009/clock.csv --stall-s 5 --grace-s 30 --marker /home/youtalk/src/carla-autoware-extension-worktrees/bench-p0/benchmarks/results/B-cyc/run-009/clock_stall.marker

 8. injector: clear-road objects + all-green signals (docker exec)
      $ docker exec -e ROS_DOMAIN_ID=0 autoware bash -lc '<setup> PYTHONPATH=/work:$PYTHONPATH python3 /work/benchmarks/injector/dummy_perception.py --tl-groups /work/benchmarks/config/tl_groups/Town10HD_Opt.yaml --grid-center 82.654 -37.160 --grid-size 315.157'

 9. arm: localization only (static) or route + engage (closed-loop)
      $ docker exec -e ROS_DOMAIN_ID=0 autoware bash -lc '<setup> python3 /work/benchmarks/injector/arm_and_goal.py --goal 74.869 66.891 2.926174 --wait-localized-only --timeout 60'
[INFO] [1785817898.572762693] [arm_and_goal]: waiting for /localization/kinematic_state >= 5 Hz over 5 s (timeout 60 s)
[INFO] [1785817899.797165436] [arm_and_goal]: arm observations [localized]: mode=1 autonomous=False is_autoware_control_enabled=True is_autonomous_mode_available=False control_cmd_hz~0.67 n=2 nonzero_longitudinal=0/2 frac=0.000 peak_abs_velocity=0.000 ego_displacement_m=0.003 ego_speed_mps=0.000
LOCALIZED: /localization/kinematic_state sustained 5 Hz over 5 s (static arm; no route set, not engaged)

10. window: sleep 60s (static arm)
      $ sleep 60

11. teardown: watchdog + GT -> observer (SIGINT, to flush) -> stack -> sim
      $ bash /home/youtalk/src/carla-autoware-extension-worktrees/bench-p0/benchmarks/scripts/teardown.sh /home/youtalk/src/carla-autoware-extension-worktrees/bench-p0/benchmarks/results/B-cyc/run-009
teardown: SIGTERM clock watchdog (pid 1087164)
teardown: SIGINT container bench-observer
teardown: SIGTERM gt collector (pid 1087163)
teardown: SIGTERM resource sampler (pid 1087161)
stop: pid 441 (/tmp/tier4-concat-relay.pid) + 1 descendant(s)
stop: 2 of pid 441's tree still up; SIGINT
stop: pid 441 tree gone
stop: pid 121 (/tmp/tier4-autoware.pid) + 52 descendant(s)
stop: 53 of pid 121's tree still up; SIGINT
stop: pid 121 tree gone
autoware launch + concat relay stopped (2 pid file(s) checked, 55 process(es) in the recorded trees, 0 survivor(s); container now: 3 running, 3 defunct)
teardown: SIGTERM tier4 autoware_demo.py (pid 1084512)
teardown: SIGTERM carla (pid 1083844)
teardown: saved tier4-autoware.log
teardown: saved tier4-concat-relay.log
teardown: done

12. finalize_rtf: fill resources.csv's rtf column from clock.csv
      $ python3 -m benchmarks.sampler.finalize_rtf --resources /home/youtalk/src/carla-autoware-extension-worktrees/bench-p0/benchmarks/results/B-cyc/run-009/resources.csv --clock /home/youtalk/src/carla-autoware-extension-worktrees/bench-p0/benchmarks/results/B-cyc/run-009/clock.csv

13. M5 gate: write quality.json (pose_error, goal, NDT rate, G1 ladder)
      $ python3 -m benchmarks.scripts.write_quality --run-dir /home/youtalk/src/carla-autoware-extension-worktrees/bench-p0/benchmarks/results/B-cyc/run-009
/home/youtalk/src/carla-autoware-extension-worktrees/bench-p0/benchmarks/results/B-cyc/run-009/quality.json: gate_pass=True branch=absolute ndt_rate_ratio=0.999 pose_err_max_m=0.065

14. exclusions: clock stall, short unpaced window, silent control gate
      $ if /home/youtalk/src/carla-autoware-extension-worktrees/bench-p0/benchmarks/results/B-cyc/run-009/clock_stall.marker exists: write_manifest --exclude 'stall:clock'
      none

15. smoke: the results tree renders through the real analysis path
      $ python3 -c 'benchmarks.report.summarize_run(/home/youtalk/src/carla-autoware-extension-worktrees/bench-p0/benchmarks/results/B-cyc/run-009); render_cell(/home/youtalk/src/carla-autoware-extension-worktrees/bench-p0/benchmarks/results/B-cyc)'
      OK (/home/youtalk/src/carla-autoware-extension-worktrees/bench-p0/benchmarks/results/B-cyc/run-009/report.md)

run 1/1 complete: /home/youtalk/src/carla-autoware-extension-worktrees/bench-p0/benchmarks/results/B-cyc/run-009

duel: pacing 120s floor before B-cyc (pair 2) -- inter-run host-idle time is a measurement condition, see the pacing block near the top of this script
duel: pacing done for B-cyc (pair 2) -- waited 120s total (floor 120s + top-up 0s), loadavg now 1.76

################ duel pair 2/3 -> B-cyc ################
=== B-cyc  arm=static  run 1/1 ===

 1. cell_info: resolve cell + class, check the arm
      cell=B-cyc approach=tier4-native map=Town10HD_Opt carla=0.10-tier4 arms=[static closed-loop]
      transport: -> rmw_fastrtps_cpp, shm off, /home/youtalk/src/carla-autoware-extension-worktrees/bench-p0/benchmarks/observer/config/udp_only.xml (required for the tier4-native family)
      transport: -> rmw_cyclonedds_cpp, shm off, none (registered for cell B-cyc)
      topics=/home/youtalk/src/carla-autoware-extension-worktrees/bench-p0/benchmarks/config/observer_topics/B-cyc.yaml
      processes=/home/youtalk/src/carla-autoware-extension-worktrees/bench-p0/benchmarks/config/processes/B-cyc.yaml
      route=/home/youtalk/src/carla-autoware-extension-worktrees/bench-p0/benchmarks/config/routes/Town10HD_Opt.yaml  tl_groups=/home/youtalk/src/carla-autoware-extension-worktrees/bench-p0/benchmarks/config/tl_groups/Town10HD_Opt.yaml
      autoware_image=ghcr.io/autowarefoundation/autoware@sha256:5c22369a312f1cd8a03fb65b30c1ab542919c2c7a2cbd18e799956daef3ae8ee
      observer_image=bench-observer:universe-devel

 2. RUN_DIR: next gap-free index under results/B-cyc
      /home/youtalk/src/carla-autoware-extension-worktrees/bench-p0/benchmarks/results/B-cyc/run-010

 3. preflight: host load, disk, RPC port, stale SHM, engine BuildId
      $ bash /home/youtalk/src/carla-autoware-extension-worktrees/bench-p0/benchmarks/scripts/preflight.sh B-cyc --port 2000 --results-dir /home/youtalk/src/carla-autoware-extension-worktrees/bench-p0/benchmarks/results
OK: tier4 plugin artifacts are newer than every source under /home/youtalk/src/carla-autoware-native/LibCarla/source /home/youtalk/src/carla-autoware-native/Unreal/CarlaUnreal/Plugins/Carla/Source /home/youtalk/src/carla-autoware-native/LibCarla/CMakeLists.txt /home/youtalk/src/carla-autoware-native/CMake
OK: tier4 tree identity recorded
      cpu_governor=powersave
      nproc=24
      loadavg=1.76
      results_fs=/home
      free_gb=453
      carla_rpc_port=2000
      shm_user_cleared=84
      shm_root_cleared=0
      shm_root_remaining=0
      engine_build_id=bc08ce19-f19c-46fe-808f-dbb2b0ddf41a
      carla_tree=/home/youtalk/src/carla-autoware-native
      map_bundle_pin=town10_pcd_regen
      tier4_git_sha=6315b856f8faf2118578322eb20a2b902a45a384
      tier4_worktree=registered-patches
      tier4_worktree_paths_sha256=880c2127133214ea5fee1dff1efbf1b8b5c2e9a3a3a9de10156bc299026eafc6
      tier4_worktree_content_sha256=23038d8c20a6a0691f941bd9f0be427819a8151c81088c30cf67222764ed3e49
      tier4_plugin_sha256=26f95decb0b18dda86f73f6c1ebd2445a287d8dedde3f1cb1544bfffbd093c4e
      tier4_ros2_native_sha256=4485f7b6b74404729a605107a6b2c851286cd942c89db416e811677fc62f3149
      tier4_source_sha256=eb8aa9af8d91b65a587409771db0c08a47f3584076a06e18cd665d13db71f5e5
      tier4_plugin_mtime=1785782939
      tier4_ros2_native_mtime=1785786075
      tier4_newest_source_mtime=1785196190
      tier4_stale_ack=none
      tier4_stale_ack_reason=-
      tier4_stale_ack_source_sha256=-
      tier4_stale_ack_artifacts=-

 4. write_manifest: transport, versions, placement; excluded=false
      $ python3 -m benchmarks.scripts.write_manifest --run-dir /home/youtalk/src/carla-autoware-extension-worktrees/bench-p0/benchmarks/results/B-cyc/run-010 --cell B-cyc --arm static --rmw rmw_cyclonedds_cpp --shm off --dds-profile none --carla-version 0.10-tier4 --autoware-image ghcr.io/autowarefoundation/autoware@sha256:5c22369a312f1cd8a03fb65b30c1ab542919c2c7a2cbd18e799956daef3ae8ee --placement-json '<json>' --duel --duel-id A+B-cyc
      duel_admissible=true (--duel): this run WILL feed the primary duel's equivalence verdict

 5. cells/tier4-native.sh: boot sim + stack, wait for readiness
      $ bash /home/youtalk/src/carla-autoware-extension-worktrees/bench-p0/benchmarks/cells/tier4-native.sh up
OK: tier4 plugin artifacts are newer than every source under /home/youtalk/src/carla-autoware-native/LibCarla/source /home/youtalk/src/carla-autoware-native/Unreal/CarlaUnreal/Plugins/Carla/Source /home/youtalk/src/carla-autoware-native/LibCarla/CMakeLists.txt /home/youtalk/src/carla-autoware-native/CMake
OK: tier4 tree identity recorded
waiting up to 420s for CARLA RPC on 2000 (log: /home/youtalk/src/carla-autoware-extension-worktrees/bench-p0/benchmarks/results/B-cyc/run-010/launch.log)
OK: tier4 CARLA up on port 2000
starting the tier4 Autoware stack via /home/youtalk/src/carla-autoware-extension-worktrees/bench-p0/benchmarks/cells/tier4_autoware.sh
OK: base_link anchor -1.39706787 m matches /home/youtalk/src/carla-autoware-native/PythonAPI/examples/autoware_demo.py
starting the tier4 demo (ego + sensors + 20 Hz sync tick)
waiting up to 180s for CARLA + the tier4 ego
OK: tier4 ego + sensor rig up, world ticking at 20 Hz
OK: bringing Autoware up (map Town10HD_Opt, bundle /autoware_map/town10-regen) -- log /tmp/tier4-autoware.log
waiting up to 120s for /sensing/lidar/top/pointcloud_raw_ex to be readable in the container
OK: the fork's LiDAR is readable inside the stack (Task 9 rung 1 holds)
OK: concat relay /sensing/lidar/top/pointcloud_before_sync -> /sensing/lidar/concatenated/pointcloud
seeding localization at the ego's ground-truth map pose: 53.914 -141.127 -0.002 -0.003794
[INFO] [1785818155.122177968] [seed_localization]: seeding /localization/initialize at (53.914, -141.127, -0.002) yaw=-0.22 deg (timeout 90 s)
SEEDED: NDT locked within 1.0 m of (53.914, -141.127)
OK: NDT locked on the seeded pose
waiting up to 300s for /localization/kinematic_state
OK: tier4 Autoware stack up on Town10HD_Opt and localizing
OK: tier4 Autoware stack reported ready

 6. observer: bench_observer container recording into the run dir
      $ cp /home/youtalk/src/carla-autoware-extension-worktrees/bench-p0/benchmarks/config/observer_topics/B-cyc.yaml /home/youtalk/src/carla-autoware-extension-worktrees/bench-p0/benchmarks/results/B-cyc/run-010/observer_topics.yaml
      $ docker run -d --name bench-observer --net=host --ipc=host -v /home/youtalk/src/carla-autoware-extension-worktrees/bench-p0/benchmarks/results/B-cyc/run-010:/out -e RMW_IMPLEMENTATION=rmw_cyclonedds_cpp  bench-observer:universe-devel bash -lc '<sourced> exec bench_observer ...'

 7. sampler + collect_gt + clock_watchdog (background)
      $ python3 -m benchmarks.sampler.sample_resources --processes /home/youtalk/src/carla-autoware-extension-worktrees/bench-p0/benchmarks/config/processes/B-cyc.yaml --out /home/youtalk/src/carla-autoware-extension-worktrees/bench-p0/benchmarks/results/B-cyc/run-010/resources.csv --interval 1.0
      $ env PYTHONPATH=/home/youtalk/src/carla-autoware-extension-worktrees/bench-p0 /home/youtalk/carla-tier4-venv/bin/python3 -m benchmarks.scripts.collect_gt --host localhost --port 2000 --role-name ego --map Town10HD_Opt --approach tier4-native --out /home/youtalk/src/carla-autoware-extension-worktrees/bench-p0/benchmarks/results/B-cyc/run-010/gt.csv --count-lidar
      $ python3 -m benchmarks.scripts.clock_watchdog --clock-csv /home/youtalk/src/carla-autoware-extension-worktrees/bench-p0/benchmarks/results/B-cyc/run-010/clock.csv --stall-s 5 --grace-s 30 --marker /home/youtalk/src/carla-autoware-extension-worktrees/bench-p0/benchmarks/results/B-cyc/run-010/clock_stall.marker

 8. injector: clear-road objects + all-green signals (docker exec)
      $ docker exec -e ROS_DOMAIN_ID=0 autoware bash -lc '<setup> PYTHONPATH=/work:$PYTHONPATH python3 /work/benchmarks/injector/dummy_perception.py --tl-groups /work/benchmarks/config/tl_groups/Town10HD_Opt.yaml --grid-center 82.654 -37.160 --grid-size 315.157'

 9. arm: localization only (static) or route + engage (closed-loop)
      $ docker exec -e ROS_DOMAIN_ID=0 autoware bash -lc '<setup> python3 /work/benchmarks/injector/arm_and_goal.py --goal 74.869 66.891 2.926174 --wait-localized-only --timeout 60'
[INFO] [1785818165.392828893] [arm_and_goal]: waiting for /localization/kinematic_state >= 5 Hz over 5 s (timeout 60 s)
[INFO] [1785818166.588007247] [arm_and_goal]: arm observations [localized]: mode=-1 autonomous=False is_autoware_control_enabled=False is_autonomous_mode_available=False control_cmd_hz~0.67 n=2 nonzero_longitudinal=0/2 frac=0.000 peak_abs_velocity=0.000 ego_displacement_m=0.002 ego_speed_mps=0.000
LOCALIZED: /localization/kinematic_state sustained 5 Hz over 5 s (static arm; no route set, not engaged)

10. window: sleep 60s (static arm)
      $ sleep 60

11. teardown: watchdog + GT -> observer (SIGINT, to flush) -> stack -> sim
      $ bash /home/youtalk/src/carla-autoware-extension-worktrees/bench-p0/benchmarks/scripts/teardown.sh /home/youtalk/src/carla-autoware-extension-worktrees/bench-p0/benchmarks/results/B-cyc/run-010
teardown: SIGTERM clock watchdog (pid 1095523)
teardown: SIGINT container bench-observer
teardown: SIGTERM gt collector (pid 1095521)
teardown: SIGTERM resource sampler (pid 1095520)
stop: pid 1636 (/tmp/tier4-concat-relay.pid) + 1 descendant(s)
stop: 2 of pid 1636's tree still up; SIGINT
stop: pid 1636 tree gone
stop: pid 119 (/tmp/tier4-autoware.pid) + 51 descendant(s)
stop: 52 of pid 119's tree still up; SIGINT
stop: pid 119 tree gone
autoware launch + concat relay stopped (2 pid file(s) checked, 54 process(es) in the recorded trees, 0 survivor(s); container now: 3 running, 3 defunct)
teardown: SIGTERM tier4 autoware_demo.py (pid 1092728)
teardown: SIGTERM carla (pid 1092039)
teardown: saved tier4-autoware.log
teardown: saved tier4-concat-relay.log
teardown: done

12. finalize_rtf: fill resources.csv's rtf column from clock.csv
      $ python3 -m benchmarks.sampler.finalize_rtf --resources /home/youtalk/src/carla-autoware-extension-worktrees/bench-p0/benchmarks/results/B-cyc/run-010/resources.csv --clock /home/youtalk/src/carla-autoware-extension-worktrees/bench-p0/benchmarks/results/B-cyc/run-010/clock.csv

13. M5 gate: write quality.json (pose_error, goal, NDT rate, G1 ladder)
      $ python3 -m benchmarks.scripts.write_quality --run-dir /home/youtalk/src/carla-autoware-extension-worktrees/bench-p0/benchmarks/results/B-cyc/run-010
/home/youtalk/src/carla-autoware-extension-worktrees/bench-p0/benchmarks/results/B-cyc/run-010/quality.json: gate_pass=True branch=absolute ndt_rate_ratio=0.999 pose_err_max_m=0.063

14. exclusions: clock stall, short unpaced window, silent control gate
      $ if /home/youtalk/src/carla-autoware-extension-worktrees/bench-p0/benchmarks/results/B-cyc/run-010/clock_stall.marker exists: write_manifest --exclude 'stall:clock'
      none

15. smoke: the results tree renders through the real analysis path
      $ python3 -c 'benchmarks.report.summarize_run(/home/youtalk/src/carla-autoware-extension-worktrees/bench-p0/benchmarks/results/B-cyc/run-010); render_cell(/home/youtalk/src/carla-autoware-extension-worktrees/bench-p0/benchmarks/results/B-cyc)'
      OK (/home/youtalk/src/carla-autoware-extension-worktrees/bench-p0/benchmarks/results/B-cyc/run-010/report.md)

run 1/1 complete: /home/youtalk/src/carla-autoware-extension-worktrees/bench-p0/benchmarks/results/B-cyc/run-010

duel: pacing 120s floor before A (pair 2) -- inter-run host-idle time is a measurement condition, see the pacing block near the top of this script
duel: pacing done for A (pair 2) -- waited 120s total (floor 120s + top-up 0s), loadavg now 2.55

################ duel pair 2/3 -> A ################
=== A  arm=static  run 1/1 ===

 1. cell_info: resolve cell + class, check the arm
      cell=A approach=extension map=Town10HD_Opt carla=0.10-fork arms=[static closed-loop]
      topics=/home/youtalk/src/carla-autoware-extension-worktrees/bench-p0/benchmarks/config/observer_topics/A.yaml
      processes=/home/youtalk/src/carla-autoware-extension-worktrees/bench-p0/benchmarks/config/processes/A.yaml
      route=/home/youtalk/src/carla-autoware-extension-worktrees/bench-p0/benchmarks/config/routes/Town10HD_Opt.yaml  tl_groups=/home/youtalk/src/carla-autoware-extension-worktrees/bench-p0/benchmarks/config/tl_groups/Town10HD_Opt.yaml
      autoware_image=ghcr.io/autowarefoundation/autoware:universe-devel
      observer_image=bench-observer:universe-devel

 2. RUN_DIR: next gap-free index under results/A
      /home/youtalk/src/carla-autoware-extension-worktrees/bench-p0/benchmarks/results/A/run-024

 3. preflight: host load, disk, RPC port, stale SHM, engine BuildId
      $ bash /home/youtalk/src/carla-autoware-extension-worktrees/bench-p0/benchmarks/scripts/preflight.sh A --port 2000 --results-dir /home/youtalk/src/carla-autoware-extension-worktrees/bench-p0/benchmarks/results
      cpu_governor=powersave
      nproc=24
      loadavg=2.55
      results_fs=/home
      free_gb=453
      carla_rpc_port=2000
      shm_user_cleared=84
      shm_root_cleared=0
      shm_root_remaining=0
      engine_build_id=bc08ce19-f19c-46fe-808f-dbb2b0ddf41a
      carla_tree=/home/youtalk/src/carla-autoware-integration
      map_bundle_pin=town10_pcd_regen

 4. write_manifest: transport, versions, placement; excluded=false
      $ python3 -m benchmarks.scripts.write_manifest --run-dir /home/youtalk/src/carla-autoware-extension-worktrees/bench-p0/benchmarks/results/A/run-024 --cell A --arm static --rmw rmw_cyclonedds_cpp --shm off --dds-profile /home/youtalk/src/carla-autoware-extension-worktrees/bench-p0/docker/cyclonedds.xml --carla-version 0.10-fork --autoware-image ghcr.io/autowarefoundation/autoware:universe-devel --placement-json '<json>' --duel --duel-id A+B-cyc
      duel_admissible=true (--duel): this run WILL feed the primary duel's equivalence verdict

 5. cells/extension.sh: boot sim + stack, wait for readiness
      $ bash /home/youtalk/src/carla-autoware-extension-worktrees/bench-p0/benchmarks/cells/extension.sh up
OK: base_link anchor +0.00000000 m (no vehicle shift)
 Container autoware Creating 
 Container autoware Created 
 Container autoware Starting 
 Container autoware Started 
waiting up to 420s for CARLA + ego (log: /home/youtalk/src/carla-autoware-extension-worktrees/bench-p0/benchmarks/results/A/run-024/launch.log)
OK: CARLA up on port 2000 with a spawned ego

 6. observer: bench_observer container recording into the run dir
      $ cp /home/youtalk/src/carla-autoware-extension-worktrees/bench-p0/benchmarks/config/observer_topics/A.yaml /home/youtalk/src/carla-autoware-extension-worktrees/bench-p0/benchmarks/results/A/run-024/observer_topics.yaml
      $ docker run -d --name bench-observer --net=host --ipc=host -v /home/youtalk/src/carla-autoware-extension-worktrees/bench-p0/benchmarks/results/A/run-024:/out -e RMW_IMPLEMENTATION=rmw_cyclonedds_cpp -e CYCLONEDDS_URI=file:///dds-profile.xml -v /home/youtalk/src/carla-autoware-extension-worktrees/bench-p0/docker/cyclonedds.xml:/dds-profile.xml:ro bench-observer:universe-devel bash -lc '<sourced> exec bench_observer ...'

 7. sampler + collect_gt + clock_watchdog (background)
      $ python3 -m benchmarks.sampler.sample_resources --processes /home/youtalk/src/carla-autoware-extension-worktrees/bench-p0/benchmarks/config/processes/A.yaml --out /home/youtalk/src/carla-autoware-extension-worktrees/bench-p0/benchmarks/results/A/run-024/resources.csv --interval 1.0
      $ env PYTHONPATH=/home/youtalk/src/carla-autoware-extension-worktrees/bench-p0 /home/youtalk/carla-venv/bin/python3 -m benchmarks.scripts.collect_gt --host localhost --port 2000 --role-name ego --map Town10HD_Opt --approach extension --out /home/youtalk/src/carla-autoware-extension-worktrees/bench-p0/benchmarks/results/A/run-024/gt.csv --count-lidar
      $ python3 -m benchmarks.scripts.clock_watchdog --clock-csv /home/youtalk/src/carla-autoware-extension-worktrees/bench-p0/benchmarks/results/A/run-024/clock.csv --stall-s 5 --grace-s 30 --marker /home/youtalk/src/carla-autoware-extension-worktrees/bench-p0/benchmarks/results/A/run-024/clock_stall.marker

 8. injector: clear-road objects + all-green signals (docker exec)
      $ docker exec -e ROS_DOMAIN_ID=0 autoware bash -lc '<setup> PYTHONPATH=/work:$PYTHONPATH python3 /work/benchmarks/injector/dummy_perception.py --tl-groups /work/benchmarks/config/tl_groups/Town10HD_Opt.yaml --grid-center 82.654 -37.160 --grid-size 315.157'

 9. arm: localization only (static) or route + engage (closed-loop)
      $ docker exec -e ROS_DOMAIN_ID=0 autoware bash -lc '<setup> python3 /work/benchmarks/injector/arm_and_goal.py --goal 74.869 66.891 2.926174 --wait-localized-only --timeout 60'
[INFO] [1785818430.571613644] [arm_and_goal]: waiting for /localization/kinematic_state >= 5 Hz over 5 s (timeout 60 s)
[INFO] [1785818431.784507336] [arm_and_goal]: arm observations [localized]: mode=-1 autonomous=False is_autoware_control_enabled=False is_autonomous_mode_available=False control_cmd_hz~0.00 n=0 nonzero_longitudinal=0/0 frac=nan peak_abs_velocity=0.000 ego_displacement_m=0.005 ego_speed_mps=0.000
LOCALIZED: /localization/kinematic_state sustained 5 Hz over 5 s (static arm; no route set, not engaged)

10. window: sleep 60s (static arm)
      $ sleep 60

11. teardown: watchdog + GT -> observer (SIGINT, to flush) -> stack -> sim
      $ bash /home/youtalk/src/carla-autoware-extension-worktrees/bench-p0/benchmarks/scripts/teardown.sh /home/youtalk/src/carla-autoware-extension-worktrees/bench-p0/benchmarks/results/A/run-024
teardown: SIGTERM clock watchdog (pid 1104135)
teardown: SIGINT container bench-observer
teardown: SIGTERM gt collector (pid 1104133)
teardown: SIGTERM resource sampler (pid 1104132)
teardown: SIGTERM run_e2e.sh (pid 1100408)
teardown: saved carla-editor.log (editor stdout/stderr from /tmp/carla-e2e.log)
teardown: docker compose down (/home/youtalk/src/carla-autoware-extension-worktrees/bench-p0/docker/compose.yaml)
teardown: done

12. finalize_rtf: fill resources.csv's rtf column from clock.csv
      $ python3 -m benchmarks.sampler.finalize_rtf --resources /home/youtalk/src/carla-autoware-extension-worktrees/bench-p0/benchmarks/results/A/run-024/resources.csv --clock /home/youtalk/src/carla-autoware-extension-worktrees/bench-p0/benchmarks/results/A/run-024/clock.csv

13. M5 gate: write quality.json (pose_error, goal, NDT rate, G1 ladder)
      $ python3 -m benchmarks.scripts.write_quality --run-dir /home/youtalk/src/carla-autoware-extension-worktrees/bench-p0/benchmarks/results/A/run-024
/home/youtalk/src/carla-autoware-extension-worktrees/bench-p0/benchmarks/results/A/run-024/quality.json: gate_pass=True branch=absolute ndt_rate_ratio=1.000 pose_err_max_m=0.089

14. exclusions: clock stall, short unpaced window, silent control gate
      $ if /home/youtalk/src/carla-autoware-extension-worktrees/bench-p0/benchmarks/results/A/run-024/clock_stall.marker exists: write_manifest --exclude 'stall:clock'
      none

15. smoke: the results tree renders through the real analysis path
      $ python3 -c 'benchmarks.report.summarize_run(/home/youtalk/src/carla-autoware-extension-worktrees/bench-p0/benchmarks/results/A/run-024); render_cell(/home/youtalk/src/carla-autoware-extension-worktrees/bench-p0/benchmarks/results/A)'
      OK (/home/youtalk/src/carla-autoware-extension-worktrees/bench-p0/benchmarks/results/A/run-024/report.md)

run 1/1 complete: /home/youtalk/src/carla-autoware-extension-worktrees/bench-p0/benchmarks/results/A/run-024

duel: pacing 120s floor before A (pair 3) -- inter-run host-idle time is a measurement condition, see the pacing block near the top of this script
duel: pacing done for A (pair 3) -- waited 120s total (floor 120s + top-up 0s), loadavg now 2.03

################ duel pair 3/3 -> A ################
=== A  arm=static  run 1/1 ===

 1. cell_info: resolve cell + class, check the arm
      cell=A approach=extension map=Town10HD_Opt carla=0.10-fork arms=[static closed-loop]
      topics=/home/youtalk/src/carla-autoware-extension-worktrees/bench-p0/benchmarks/config/observer_topics/A.yaml
      processes=/home/youtalk/src/carla-autoware-extension-worktrees/bench-p0/benchmarks/config/processes/A.yaml
      route=/home/youtalk/src/carla-autoware-extension-worktrees/bench-p0/benchmarks/config/routes/Town10HD_Opt.yaml  tl_groups=/home/youtalk/src/carla-autoware-extension-worktrees/bench-p0/benchmarks/config/tl_groups/Town10HD_Opt.yaml
      autoware_image=ghcr.io/autowarefoundation/autoware:universe-devel
      observer_image=bench-observer:universe-devel

 2. RUN_DIR: next gap-free index under results/A
      /home/youtalk/src/carla-autoware-extension-worktrees/bench-p0/benchmarks/results/A/run-025

 3. preflight: host load, disk, RPC port, stale SHM, engine BuildId
      $ bash /home/youtalk/src/carla-autoware-extension-worktrees/bench-p0/benchmarks/scripts/preflight.sh A --port 2000 --results-dir /home/youtalk/src/carla-autoware-extension-worktrees/bench-p0/benchmarks/results
      cpu_governor=powersave
      nproc=24
      loadavg=2.03
      results_fs=/home
      free_gb=453
      carla_rpc_port=2000
      shm_user_cleared=0
      shm_root_cleared=0
      shm_root_remaining=0
      engine_build_id=bc08ce19-f19c-46fe-808f-dbb2b0ddf41a
      carla_tree=/home/youtalk/src/carla-autoware-integration
      map_bundle_pin=town10_pcd_regen

 4. write_manifest: transport, versions, placement; excluded=false
      $ python3 -m benchmarks.scripts.write_manifest --run-dir /home/youtalk/src/carla-autoware-extension-worktrees/bench-p0/benchmarks/results/A/run-025 --cell A --arm static --rmw rmw_cyclonedds_cpp --shm off --dds-profile /home/youtalk/src/carla-autoware-extension-worktrees/bench-p0/docker/cyclonedds.xml --carla-version 0.10-fork --autoware-image ghcr.io/autowarefoundation/autoware:universe-devel --placement-json '<json>' --duel --duel-id A+B-cyc
      duel_admissible=true (--duel): this run WILL feed the primary duel's equivalence verdict

 5. cells/extension.sh: boot sim + stack, wait for readiness
      $ bash /home/youtalk/src/carla-autoware-extension-worktrees/bench-p0/benchmarks/cells/extension.sh up
OK: base_link anchor +0.00000000 m (no vehicle shift)
 Container autoware Creating 
 Container autoware Created 
 Container autoware Starting 
 Container autoware Started 
waiting up to 420s for CARLA + ego (log: /home/youtalk/src/carla-autoware-extension-worktrees/bench-p0/benchmarks/results/A/run-025/launch.log)
OK: CARLA up on port 2000 with a spawned ego

 6. observer: bench_observer container recording into the run dir
      $ cp /home/youtalk/src/carla-autoware-extension-worktrees/bench-p0/benchmarks/config/observer_topics/A.yaml /home/youtalk/src/carla-autoware-extension-worktrees/bench-p0/benchmarks/results/A/run-025/observer_topics.yaml
      $ docker run -d --name bench-observer --net=host --ipc=host -v /home/youtalk/src/carla-autoware-extension-worktrees/bench-p0/benchmarks/results/A/run-025:/out -e RMW_IMPLEMENTATION=rmw_cyclonedds_cpp -e CYCLONEDDS_URI=file:///dds-profile.xml -v /home/youtalk/src/carla-autoware-extension-worktrees/bench-p0/docker/cyclonedds.xml:/dds-profile.xml:ro bench-observer:universe-devel bash -lc '<sourced> exec bench_observer ...'

 7. sampler + collect_gt + clock_watchdog (background)
      $ python3 -m benchmarks.sampler.sample_resources --processes /home/youtalk/src/carla-autoware-extension-worktrees/bench-p0/benchmarks/config/processes/A.yaml --out /home/youtalk/src/carla-autoware-extension-worktrees/bench-p0/benchmarks/results/A/run-025/resources.csv --interval 1.0
      $ env PYTHONPATH=/home/youtalk/src/carla-autoware-extension-worktrees/bench-p0 /home/youtalk/carla-venv/bin/python3 -m benchmarks.scripts.collect_gt --host localhost --port 2000 --role-name ego --map Town10HD_Opt --approach extension --out /home/youtalk/src/carla-autoware-extension-worktrees/bench-p0/benchmarks/results/A/run-025/gt.csv --count-lidar
      $ python3 -m benchmarks.scripts.clock_watchdog --clock-csv /home/youtalk/src/carla-autoware-extension-worktrees/bench-p0/benchmarks/results/A/run-025/clock.csv --stall-s 5 --grace-s 30 --marker /home/youtalk/src/carla-autoware-extension-worktrees/bench-p0/benchmarks/results/A/run-025/clock_stall.marker

 8. injector: clear-road objects + all-green signals (docker exec)
      $ docker exec -e ROS_DOMAIN_ID=0 autoware bash -lc '<setup> PYTHONPATH=/work:$PYTHONPATH python3 /work/benchmarks/injector/dummy_perception.py --tl-groups /work/benchmarks/config/tl_groups/Town10HD_Opt.yaml --grid-center 82.654 -37.160 --grid-size 315.157'

 9. arm: localization only (static) or route + engage (closed-loop)
      $ docker exec -e ROS_DOMAIN_ID=0 autoware bash -lc '<setup> python3 /work/benchmarks/injector/arm_and_goal.py --goal 74.869 66.891 2.926174 --wait-localized-only --timeout 60'
[INFO] [1785818705.106171049] [arm_and_goal]: waiting for /localization/kinematic_state >= 5 Hz over 5 s (timeout 60 s)
[INFO] [1785818706.291472991] [arm_and_goal]: arm observations [localized]: mode=-1 autonomous=False is_autoware_control_enabled=False is_autonomous_mode_available=False control_cmd_hz~0.00 n=0 nonzero_longitudinal=0/0 frac=nan peak_abs_velocity=0.000 ego_displacement_m=0.003 ego_speed_mps=0.000
LOCALIZED: /localization/kinematic_state sustained 5 Hz over 5 s (static arm; no route set, not engaged)

10. window: sleep 60s (static arm)
      $ sleep 60

11. teardown: watchdog + GT -> observer (SIGINT, to flush) -> stack -> sim
      $ bash /home/youtalk/src/carla-autoware-extension-worktrees/bench-p0/benchmarks/scripts/teardown.sh /home/youtalk/src/carla-autoware-extension-worktrees/bench-p0/benchmarks/results/A/run-025
teardown: SIGTERM clock watchdog (pid 1113017)
teardown: SIGINT container bench-observer
teardown: SIGTERM gt collector (pid 1113016)
teardown: SIGTERM resource sampler (pid 1113015)
teardown: SIGTERM run_e2e.sh (pid 1109256)
teardown: saved carla-editor.log (editor stdout/stderr from /tmp/carla-e2e.log)
teardown: docker compose down (/home/youtalk/src/carla-autoware-extension-worktrees/bench-p0/docker/compose.yaml)
teardown: done

12. finalize_rtf: fill resources.csv's rtf column from clock.csv
      $ python3 -m benchmarks.sampler.finalize_rtf --resources /home/youtalk/src/carla-autoware-extension-worktrees/bench-p0/benchmarks/results/A/run-025/resources.csv --clock /home/youtalk/src/carla-autoware-extension-worktrees/bench-p0/benchmarks/results/A/run-025/clock.csv

13. M5 gate: write quality.json (pose_error, goal, NDT rate, G1 ladder)
      $ python3 -m benchmarks.scripts.write_quality --run-dir /home/youtalk/src/carla-autoware-extension-worktrees/bench-p0/benchmarks/results/A/run-025
/home/youtalk/src/carla-autoware-extension-worktrees/bench-p0/benchmarks/results/A/run-025/quality.json: gate_pass=True branch=absolute ndt_rate_ratio=1.000 pose_err_max_m=0.088

14. exclusions: clock stall, short unpaced window, silent control gate
      $ if /home/youtalk/src/carla-autoware-extension-worktrees/bench-p0/benchmarks/results/A/run-025/clock_stall.marker exists: write_manifest --exclude 'stall:clock'
      none

15. smoke: the results tree renders through the real analysis path
      $ python3 -c 'benchmarks.report.summarize_run(/home/youtalk/src/carla-autoware-extension-worktrees/bench-p0/benchmarks/results/A/run-025); render_cell(/home/youtalk/src/carla-autoware-extension-worktrees/bench-p0/benchmarks/results/A)'
      OK (/home/youtalk/src/carla-autoware-extension-worktrees/bench-p0/benchmarks/results/A/run-025/report.md)

run 1/1 complete: /home/youtalk/src/carla-autoware-extension-worktrees/bench-p0/benchmarks/results/A/run-025

duel: pacing 120s floor before B-cyc (pair 3) -- inter-run host-idle time is a measurement condition, see the pacing block near the top of this script
duel: pacing done for B-cyc (pair 3) -- waited 120s total (floor 120s + top-up 0s), loadavg now 2.05

################ duel pair 3/3 -> B-cyc ################
=== B-cyc  arm=static  run 1/1 ===

 1. cell_info: resolve cell + class, check the arm
      cell=B-cyc approach=tier4-native map=Town10HD_Opt carla=0.10-tier4 arms=[static closed-loop]
      transport: -> rmw_fastrtps_cpp, shm off, /home/youtalk/src/carla-autoware-extension-worktrees/bench-p0/benchmarks/observer/config/udp_only.xml (required for the tier4-native family)
      transport: -> rmw_cyclonedds_cpp, shm off, none (registered for cell B-cyc)
      topics=/home/youtalk/src/carla-autoware-extension-worktrees/bench-p0/benchmarks/config/observer_topics/B-cyc.yaml
      processes=/home/youtalk/src/carla-autoware-extension-worktrees/bench-p0/benchmarks/config/processes/B-cyc.yaml
      route=/home/youtalk/src/carla-autoware-extension-worktrees/bench-p0/benchmarks/config/routes/Town10HD_Opt.yaml  tl_groups=/home/youtalk/src/carla-autoware-extension-worktrees/bench-p0/benchmarks/config/tl_groups/Town10HD_Opt.yaml
      autoware_image=ghcr.io/autowarefoundation/autoware@sha256:5c22369a312f1cd8a03fb65b30c1ab542919c2c7a2cbd18e799956daef3ae8ee
      observer_image=bench-observer:universe-devel

 2. RUN_DIR: next gap-free index under results/B-cyc
      /home/youtalk/src/carla-autoware-extension-worktrees/bench-p0/benchmarks/results/B-cyc/run-011

 3. preflight: host load, disk, RPC port, stale SHM, engine BuildId
      $ bash /home/youtalk/src/carla-autoware-extension-worktrees/bench-p0/benchmarks/scripts/preflight.sh B-cyc --port 2000 --results-dir /home/youtalk/src/carla-autoware-extension-worktrees/bench-p0/benchmarks/results
OK: tier4 plugin artifacts are newer than every source under /home/youtalk/src/carla-autoware-native/LibCarla/source /home/youtalk/src/carla-autoware-native/Unreal/CarlaUnreal/Plugins/Carla/Source /home/youtalk/src/carla-autoware-native/LibCarla/CMakeLists.txt /home/youtalk/src/carla-autoware-native/CMake
OK: tier4 tree identity recorded
      cpu_governor=powersave
      nproc=24
      loadavg=2.05
      results_fs=/home
      free_gb=453
      carla_rpc_port=2000
      shm_user_cleared=0
      shm_root_cleared=0
      shm_root_remaining=0
      engine_build_id=bc08ce19-f19c-46fe-808f-dbb2b0ddf41a
      carla_tree=/home/youtalk/src/carla-autoware-native
      map_bundle_pin=town10_pcd_regen
      tier4_git_sha=6315b856f8faf2118578322eb20a2b902a45a384
      tier4_worktree=registered-patches
      tier4_worktree_paths_sha256=880c2127133214ea5fee1dff1efbf1b8b5c2e9a3a3a9de10156bc299026eafc6
      tier4_worktree_content_sha256=23038d8c20a6a0691f941bd9f0be427819a8151c81088c30cf67222764ed3e49
      tier4_plugin_sha256=26f95decb0b18dda86f73f6c1ebd2445a287d8dedde3f1cb1544bfffbd093c4e
      tier4_ros2_native_sha256=4485f7b6b74404729a605107a6b2c851286cd942c89db416e811677fc62f3149
      tier4_source_sha256=eb8aa9af8d91b65a587409771db0c08a47f3584076a06e18cd665d13db71f5e5
      tier4_plugin_mtime=1785782939
      tier4_ros2_native_mtime=1785786075
      tier4_newest_source_mtime=1785196190
      tier4_stale_ack=none
      tier4_stale_ack_reason=-
      tier4_stale_ack_source_sha256=-
      tier4_stale_ack_artifacts=-

 4. write_manifest: transport, versions, placement; excluded=false
      $ python3 -m benchmarks.scripts.write_manifest --run-dir /home/youtalk/src/carla-autoware-extension-worktrees/bench-p0/benchmarks/results/B-cyc/run-011 --cell B-cyc --arm static --rmw rmw_cyclonedds_cpp --shm off --dds-profile none --carla-version 0.10-tier4 --autoware-image ghcr.io/autowarefoundation/autoware@sha256:5c22369a312f1cd8a03fb65b30c1ab542919c2c7a2cbd18e799956daef3ae8ee --placement-json '<json>' --duel --duel-id A+B-cyc
      duel_admissible=true (--duel): this run WILL feed the primary duel's equivalence verdict

 5. cells/tier4-native.sh: boot sim + stack, wait for readiness
      $ bash /home/youtalk/src/carla-autoware-extension-worktrees/bench-p0/benchmarks/cells/tier4-native.sh up
OK: tier4 plugin artifacts are newer than every source under /home/youtalk/src/carla-autoware-native/LibCarla/source /home/youtalk/src/carla-autoware-native/Unreal/CarlaUnreal/Plugins/Carla/Source /home/youtalk/src/carla-autoware-native/LibCarla/CMakeLists.txt /home/youtalk/src/carla-autoware-native/CMake
OK: tier4 tree identity recorded
waiting up to 420s for CARLA RPC on 2000 (log: /home/youtalk/src/carla-autoware-extension-worktrees/bench-p0/benchmarks/results/B-cyc/run-011/launch.log)
OK: tier4 CARLA up on port 2000
starting the tier4 Autoware stack via /home/youtalk/src/carla-autoware-extension-worktrees/bench-p0/benchmarks/cells/tier4_autoware.sh
OK: base_link anchor -1.39706787 m matches /home/youtalk/src/carla-autoware-native/PythonAPI/examples/autoware_demo.py
starting the tier4 demo (ego + sensors + 20 Hz sync tick)
waiting up to 180s for CARLA + the tier4 ego
OK: tier4 ego + sensor rig up, world ticking at 20 Hz
OK: bringing Autoware up (map Town10HD_Opt, bundle /autoware_map/town10-regen) -- log /tmp/tier4-autoware.log
waiting up to 120s for /sensing/lidar/top/pointcloud_raw_ex to be readable in the container
OK: the fork's LiDAR is readable inside the stack (Task 9 rung 1 holds)
OK: concat relay /sensing/lidar/top/pointcloud_before_sync -> /sensing/lidar/concatenated/pointcloud
seeding localization at the ego's ground-truth map pose: 53.914 -141.127 -0.002 -0.003771
[INFO] [1785818971.204956535] [seed_localization]: seeding /localization/initialize at (53.914, -141.127, -0.002) yaw=-0.22 deg (timeout 90 s)
SEEDED: NDT locked within 1.0 m of (53.914, -141.127)
OK: NDT locked on the seeded pose
waiting up to 300s for /localization/kinematic_state
OK: tier4 Autoware stack up on Town10HD_Opt and localizing
OK: tier4 Autoware stack reported ready

 6. observer: bench_observer container recording into the run dir
      $ cp /home/youtalk/src/carla-autoware-extension-worktrees/bench-p0/benchmarks/config/observer_topics/B-cyc.yaml /home/youtalk/src/carla-autoware-extension-worktrees/bench-p0/benchmarks/results/B-cyc/run-011/observer_topics.yaml
      $ docker run -d --name bench-observer --net=host --ipc=host -v /home/youtalk/src/carla-autoware-extension-worktrees/bench-p0/benchmarks/results/B-cyc/run-011:/out -e RMW_IMPLEMENTATION=rmw_cyclonedds_cpp  bench-observer:universe-devel bash -lc '<sourced> exec bench_observer ...'

 7. sampler + collect_gt + clock_watchdog (background)
      $ python3 -m benchmarks.sampler.sample_resources --processes /home/youtalk/src/carla-autoware-extension-worktrees/bench-p0/benchmarks/config/processes/B-cyc.yaml --out /home/youtalk/src/carla-autoware-extension-worktrees/bench-p0/benchmarks/results/B-cyc/run-011/resources.csv --interval 1.0
      $ env PYTHONPATH=/home/youtalk/src/carla-autoware-extension-worktrees/bench-p0 /home/youtalk/carla-tier4-venv/bin/python3 -m benchmarks.scripts.collect_gt --host localhost --port 2000 --role-name ego --map Town10HD_Opt --approach tier4-native --out /home/youtalk/src/carla-autoware-extension-worktrees/bench-p0/benchmarks/results/B-cyc/run-011/gt.csv --count-lidar
      $ python3 -m benchmarks.scripts.clock_watchdog --clock-csv /home/youtalk/src/carla-autoware-extension-worktrees/bench-p0/benchmarks/results/B-cyc/run-011/clock.csv --stall-s 5 --grace-s 30 --marker /home/youtalk/src/carla-autoware-extension-worktrees/bench-p0/benchmarks/results/B-cyc/run-011/clock_stall.marker

 8. injector: clear-road objects + all-green signals (docker exec)
      $ docker exec -e ROS_DOMAIN_ID=0 autoware bash -lc '<setup> PYTHONPATH=/work:$PYTHONPATH python3 /work/benchmarks/injector/dummy_perception.py --tl-groups /work/benchmarks/config/tl_groups/Town10HD_Opt.yaml --grid-center 82.654 -37.160 --grid-size 315.157'

 9. arm: localization only (static) or route + engage (closed-loop)
      $ docker exec -e ROS_DOMAIN_ID=0 autoware bash -lc '<setup> python3 /work/benchmarks/injector/arm_and_goal.py --goal 74.869 66.891 2.926174 --wait-localized-only --timeout 60'
[INFO] [1785818980.555186368] [arm_and_goal]: waiting for /localization/kinematic_state >= 5 Hz over 5 s (timeout 60 s)
[INFO] [1785818981.742981352] [arm_and_goal]: arm observations [localized]: mode=-1 autonomous=False is_autoware_control_enabled=False is_autonomous_mode_available=False control_cmd_hz~8.00 n=24 nonzero_longitudinal=0/24 frac=0.000 peak_abs_velocity=0.000 ego_displacement_m=0.005 ego_speed_mps=0.000
LOCALIZED: /localization/kinematic_state sustained 5 Hz over 5 s (static arm; no route set, not engaged)

10. window: sleep 60s (static arm)
      $ sleep 60

11. teardown: watchdog + GT -> observer (SIGINT, to flush) -> stack -> sim
      $ bash /home/youtalk/src/carla-autoware-extension-worktrees/bench-p0/benchmarks/scripts/teardown.sh /home/youtalk/src/carla-autoware-extension-worktrees/bench-p0/benchmarks/results/B-cyc/run-011
teardown: SIGTERM clock watchdog (pid 1122124)
teardown: SIGINT container bench-observer
teardown: SIGTERM gt collector (pid 1122123)
teardown: SIGTERM resource sampler (pid 1122122)
stop: pid 1648 (/tmp/tier4-concat-relay.pid) + 1 descendant(s)
stop: 2 of pid 1648's tree still up; SIGINT
stop: pid 1648 tree gone
stop: pid 119 (/tmp/tier4-autoware.pid) + 52 descendant(s)
stop: 53 of pid 119's tree still up; SIGINT
stop: pid 119 tree gone
autoware launch + concat relay stopped (2 pid file(s) checked, 55 process(es) in the recorded trees, 0 survivor(s); container now: 3 running, 3 defunct)
teardown: SIGTERM tier4 autoware_demo.py (pid 1119337)
teardown: SIGTERM carla (pid 1118648)
teardown: saved tier4-autoware.log
teardown: saved tier4-concat-relay.log
teardown: done

12. finalize_rtf: fill resources.csv's rtf column from clock.csv
      $ python3 -m benchmarks.sampler.finalize_rtf --resources /home/youtalk/src/carla-autoware-extension-worktrees/bench-p0/benchmarks/results/B-cyc/run-011/resources.csv --clock /home/youtalk/src/carla-autoware-extension-worktrees/bench-p0/benchmarks/results/B-cyc/run-011/clock.csv

13. M5 gate: write quality.json (pose_error, goal, NDT rate, G1 ladder)
      $ python3 -m benchmarks.scripts.write_quality --run-dir /home/youtalk/src/carla-autoware-extension-worktrees/bench-p0/benchmarks/results/B-cyc/run-011
/home/youtalk/src/carla-autoware-extension-worktrees/bench-p0/benchmarks/results/B-cyc/run-011/quality.json: gate_pass=True branch=absolute ndt_rate_ratio=0.999 pose_err_max_m=0.075

14. exclusions: clock stall, short unpaced window, silent control gate
      $ if /home/youtalk/src/carla-autoware-extension-worktrees/bench-p0/benchmarks/results/B-cyc/run-011/clock_stall.marker exists: write_manifest --exclude 'stall:clock'
      none

15. smoke: the results tree renders through the real analysis path
      $ python3 -c 'benchmarks.report.summarize_run(/home/youtalk/src/carla-autoware-extension-worktrees/bench-p0/benchmarks/results/B-cyc/run-011); render_cell(/home/youtalk/src/carla-autoware-extension-worktrees/bench-p0/benchmarks/results/B-cyc)'
      OK (/home/youtalk/src/carla-autoware-extension-worktrees/bench-p0/benchmarks/results/B-cyc/run-011/report.md)

run 1/1 complete: /home/youtalk/src/carla-autoware-extension-worktrees/bench-p0/benchmarks/results/B-cyc/run-011

duel complete: A 3 ok / 0 failed, B-cyc 3 ok / 0 failed
