=== STEP 11.6: arm cell A via benchmarks/injector/arm_and_goal.py (AD-API path) ===
[INFO] [1785380849.274517592] [arm_and_goal]: waiting for /localization/kinematic_state >= 5 Hz over 5 s (timeout 60 s)
[WARN] [1785380850.532064226] [arm_and_goal]: change_to_autonomous: not yet ok (The target mode is not available. Please check the diagnostics.); retrying
[WARN] [1785380852.534387426] [arm_and_goal]: change_to_autonomous: not yet ok (The target mode is not available. Please check the diagnostics.); retrying
[WARN] [1785380854.537415773] [arm_and_goal]: change_to_autonomous: not yet ok (The target mode is not available. Please check the diagnostics.); retrying
[WARN] [1785380856.540275564] [arm_and_goal]: change_to_autonomous: not yet ok (The target mode is not available. Please check the diagnostics.); retrying
[WARN] [1785380858.543325453] [arm_and_goal]: change_to_autonomous: not yet ok (The target mode is not available. Please check the diagnostics.); retrying
[WARN] [1785380860.546295693] [arm_and_goal]: change_to_autonomous: not yet ok (The target mode is not available. Please check the diagnostics.); retrying
[WARN] [1785380862.549337225] [arm_and_goal]: change_to_autonomous: not yet ok (The target mode is not available. Please check the diagnostics.); retrying
[WARN] [1785380864.552389280] [arm_and_goal]: change_to_autonomous: not yet ok (The target mode is not available. Please check the diagnostics.); retrying
[WARN] [1785380866.555428754] [arm_and_goal]: change_to_autonomous: not yet ok (The target mode is not available. Please check the diagnostics.); retrying
[WARN] [1785380868.558319960] [arm_and_goal]: change_to_autonomous: not yet ok (The target mode is not available. Please check the diagnostics.); retrying
[WARN] [1785380870.562856894] [arm_and_goal]: change_to_autonomous: not yet ok (The target mode is not available. Please check the diagnostics.); retrying
[WARN] [1785380872.565307907] [arm_and_goal]: change_to_autonomous: not yet ok (The target mode is not available. Please check the diagnostics.); retrying
[WARN] [1785380874.568261368] [arm_and_goal]: change_to_autonomous: not yet ok (The target mode is not available. Please check the diagnostics.); retrying
[WARN] [1785380876.571083903] [arm_and_goal]: change_to_autonomous: not yet ok (The target mode is not available. Please check the diagnostics.); retrying
[WARN] [1785380878.573807786] [arm_and_goal]: change_to_autonomous: not yet ok (The target mode is not available. Please check the diagnostics.); retrying
[WARN] [1785380880.576128407] [arm_and_goal]: change_to_autonomous: not yet ok (The target mode is not available. Please check the diagnostics.); retrying
[WARN] [1785380882.579166929] [arm_and_goal]: change_to_autonomous: not yet ok (The target mode is not available. Please check the diagnostics.); retrying
[WARN] [1785380884.582455589] [arm_and_goal]: change_to_autonomous: not yet ok (The target mode is not available. Please check the diagnostics.); retrying
[WARN] [1785380886.585512617] [arm_and_goal]: change_to_autonomous: not yet ok (The target mode is not available. Please check the diagnostics.); retrying
[WARN] [1785380888.588339105] [arm_and_goal]: change_to_autonomous: not yet ok (The target mode is not available. Please check the diagnostics.); retrying
[WARN] [1785380890.591085074] [arm_and_goal]: change_to_autonomous: not yet ok (The target mode is not available. Please check the diagnostics.); retrying
[WARN] [1785380892.594484613] [arm_and_goal]: change_to_autonomous: not yet ok (The target mode is not available. Please check the diagnostics.); retrying
[WARN] [1785380894.597337183] [arm_and_goal]: change_to_autonomous: not yet ok (The target mode is not available. Please check the diagnostics.); retrying
[WARN] [1785380896.600420544] [arm_and_goal]: change_to_autonomous: not yet ok (The target mode is not available. Please check the diagnostics.); retrying
[WARN] [1785380898.603220448] [arm_and_goal]: change_to_autonomous: not yet ok (The target mode is not available. Please check the diagnostics.); retrying
[WARN] [1785380900.607158363] [arm_and_goal]: change_to_autonomous: not yet ok (The target mode is not available. Please check the diagnostics.); retrying
[WARN] [1785380902.611500882] [arm_and_goal]: change_to_autonomous: not yet ok (The target mode is not available. Please check the diagnostics.); retrying
[WARN] [1785380904.614747931] [arm_and_goal]: change_to_autonomous: not yet ok (The target mode is not available. Please check the diagnostics.); retrying
[WARN] [1785380906.618812421] [arm_and_goal]: change_to_autonomous: not yet ok (The target mode is not available. Please check the diagnostics.); retrying
[WARN] [1785380908.624411858] [arm_and_goal]: change_to_autonomous: not yet ok (The target mode is not available. Please check the diagnostics.); retrying
ARM FAIL: change_to_autonomous did not succeed within 60 s
arm_and_goal EXIT=2
