# P4 Task 15 -- 32ch sweep integrity pass, cell B-cyc

Facts only: arm, class label, exclusion label, transport, duel flags,
instrument PRESENCE (not size), each measured arm's RIG derived from
its own observer payload, and the ablation client's self-recorded rig.
No ceiling verdict, one cell. Exits non-zero on any rig mismatch.

## cell B-cyc: 15 sweep-arm run(s) at class `32ch`

| run | arm | class_id | excluded | reason | rmw | shm_enabled | dds_profile_sha256 | duel_adm | duel_id |
|---|---|---|---|---|---|---|---|---|---|
| run-031 | paced | 32ch | True | harness:65fbe09 | rmw_cyclonedds_cpp | False | (none) | False | (empty) |
| run-032 | paced | 32ch | True | harness:65fbe09 | rmw_cyclonedds_cpp | False | (none) | False | (empty) |
| run-033 | paced | 32ch | True | harness:65fbe09 | rmw_cyclonedds_cpp | False | (none) | False | (empty) |
| run-034 | unpaced | 32ch | True | harness:65fbe09 | rmw_cyclonedds_cpp | False | (none) | False | (empty) |
| run-035 | unpaced | 32ch | True | harness:65fbe09 | rmw_cyclonedds_cpp | False | (none) | False | (empty) |
| run-036 | unpaced | 32ch | True | harness:65fbe09 | rmw_cyclonedds_cpp | False | (none) | False | (empty) |
| run-037 | ablation | 32ch | False | - | rmw_cyclonedds_cpp | False | (none) | False | (empty) |
| run-038 | ablation | 32ch | False | - | rmw_cyclonedds_cpp | False | (none) | False | (empty) |
| run-039 | ablation | 32ch | False | - | rmw_cyclonedds_cpp | False | (none) | False | (empty) |
| run-040 | paced | 32ch | False | - | rmw_cyclonedds_cpp | False | (none) | False | (empty) |
| run-041 | paced | 32ch | False | - | rmw_cyclonedds_cpp | False | (none) | False | (empty) |
| run-042 | paced | 32ch | False | - | rmw_cyclonedds_cpp | False | (none) | False | (empty) |
| run-043 | unpaced | 32ch | False | - | rmw_cyclonedds_cpp | False | (none) | False | (empty) |
| run-044 | unpaced | 32ch | False | - | rmw_cyclonedds_cpp | False | (none) | False | (empty) |
| run-045 | unpaced | 32ch | False | - | rmw_cyclonedds_cpp | False | (none) | False | (empty) |

| run | arm | engine_build_id | cpu_governor | loadavg | run_mode |
|---|---|---|---|---|---|
| run-031 | paced | bc08ce19-f19c-46fe-808f-dbb2b0ddf41a | powersave | 1.44 | editor-game |
| run-032 | paced | bc08ce19-f19c-46fe-808f-dbb2b0ddf41a | powersave | 0.99 | editor-game |
| run-033 | paced | bc08ce19-f19c-46fe-808f-dbb2b0ddf41a | powersave | 1.65 | editor-game |
| run-034 | unpaced | bc08ce19-f19c-46fe-808f-dbb2b0ddf41a | powersave | 1.04 | editor-game |
| run-035 | unpaced | bc08ce19-f19c-46fe-808f-dbb2b0ddf41a | powersave | 0.49 | editor-game |
| run-036 | unpaced | bc08ce19-f19c-46fe-808f-dbb2b0ddf41a | powersave | 1.11 | editor-game |
| run-037 | ablation | bc08ce19-f19c-46fe-808f-dbb2b0ddf41a | powersave | 2.72 | editor-game |
| run-038 | ablation | bc08ce19-f19c-46fe-808f-dbb2b0ddf41a | powersave | 0.53 | editor-game |
| run-039 | ablation | bc08ce19-f19c-46fe-808f-dbb2b0ddf41a | powersave | 0.51 | editor-game |
| run-040 | paced | bc08ce19-f19c-46fe-808f-dbb2b0ddf41a | powersave | 0.45 | editor-game |
| run-041 | paced | bc08ce19-f19c-46fe-808f-dbb2b0ddf41a | powersave | 0.54 | editor-game |
| run-042 | paced | bc08ce19-f19c-46fe-808f-dbb2b0ddf41a | powersave | 0.73 | editor-game |
| run-043 | unpaced | bc08ce19-f19c-46fe-808f-dbb2b0ddf41a | powersave | 1.13 | editor-game |
| run-044 | unpaced | bc08ce19-f19c-46fe-808f-dbb2b0ddf41a | powersave | 0.57 | editor-game |
| run-045 | unpaced | bc08ce19-f19c-46fe-808f-dbb2b0ddf41a | powersave | 0.91 | editor-game |

- arm `paced`: n=6 run-031 run-032 run-033 run-040 run-041 run-042
- arm `unpaced`: n=6 run-034 run-035 run-036 run-043 run-044 run-045
- arm `ablation`: n=3 run-037 run-038 run-039

| run | arm | observer rows? | resources rows? | clock rows? | publisher_counts | quality.json |
|---|---|---|---|---|---|---|
| run-031 | paced | True | True | True | True | True |
| run-032 | paced | True | True | True | True | True |
| run-033 | paced | True | True | True | True | True |
| run-034 | unpaced | True | True | True | True | True |
| run-035 | unpaced | True | True | True | True | True |
| run-036 | unpaced | True | True | True | True | True |
| run-037 | ablation | empty | True | True | False | False |
| run-038 | ablation | empty | True | True | False | False |
| run-039 | ablation | empty | True | True | False | False |
| run-040 | paced | True | True | True | True | True |
| run-041 | paced | True | True | True | True | True |
| run-042 | paced | True | True | True | True | True |
| run-043 | unpaced | True | True | True | True | True |
| run-044 | unpaced | True | True | True | True | True |
| run-045 | unpaced | True | True | True | True | True |

### cell B-cyc measured-arm rig, from each run's own observer.csv

topic `/sensing/lidar/top/pointcloud_raw_ex`; baseline class `vlp16`; registered point
ratio 32ch/vlp16 = 4.1667; tolerance +/-5%.

baseline: 6 vlp16 measured run(s) (run-022, run-023, run-024, run-025, run-026, run-027), median 238984 B

| run | arm | excluded | median size_bytes | x baseline | rig |
|---|---|---|---|---|---|
| run-031 | paced | True | 238840 | x0.9994 | MISMATCH (excluded; not counted) |
| run-032 | paced | True | 238904 | x0.9997 | MISMATCH (excluded; not counted) |
| run-033 | paced | True | 238872 | x0.9995 | MISMATCH (excluded; not counted) |
| run-034 | unpaced | True | 239096 | x1.0005 | MISMATCH (excluded; not counted) |
| run-035 | unpaced | True | 238680 | x0.9987 | MISMATCH (excluded; not counted) |
| run-036 | unpaced | True | 238680 | x0.9987 | MISMATCH (excluded; not counted) |
| run-040 | paced | False | 996728 | x4.1707 | OK |
| run-041 | paced | False | 996312 | x4.1689 | OK |
| run-042 | paced | False | 997272 | x4.1730 | OK |
| run-043 | unpaced | False | 996792 | x4.1710 | OK |
| run-044 | unpaced | False | 996536 | x4.1699 | OK |
| run-045 | unpaced | False | 996056 | x4.1679 | OK |

-> the 32ch rig is confirmed from measured data on 6 non-excluded measured run(s) of cell B-cyc

### cell B-cyc ablation client, as the client itself recorded it

| run | rig | class_id | channels | pps | mount_location_m | mount_rotation_deg | mount_source |
|---|---|---|---|---|---|---|---|
| run-037 | tier4 | 32ch | 32 | 1200000 | [-0.497071, 2e-06, 2.0] | [0.85967, -0.053676, -88.156119] | --mount |
| run-038 | tier4 | 32ch | 32 | 1200000 | [-0.497071, 2e-06, 2.0] | [0.85967, -0.053676, -88.156119] | --mount |
| run-039 | tier4 | 32ch | 32 | 1200000 | [-0.497071, 2e-06, 2.0] | [0.85967, -0.053676, -88.156119] | --mount |

| run | clock_rows_written? | hdr_reasserts | toctou | stood_down | by_signal |
|---|---|---|---|---|---|
| run-037 | True | 1 | 0 | False | True |
| run-038 | True | 1 | 0 | False | True |
| run-039 | True | 1 | 0 | False | True |

-> the Task 11 measured `--mount` reached the client: 3/3 run(s)

## exclusions

- B-cyc/run-031: harness:65fbe09
- B-cyc/run-032: harness:65fbe09
- B-cyc/run-033: harness:65fbe09
- B-cyc/run-034: harness:65fbe09
- B-cyc/run-035: harness:65fbe09
- B-cyc/run-036: harness:65fbe09

## rig verdict

PASS: every non-excluded run of cell B-cyc at class `32ch` carries the rig its manifest claims, on both arms.

