######## check-args: cell=B-cyc form='paced' ########
=== B-cyc  arm=paced  class=32ch  run 1/1 ===

 1. cell_info: resolve cell + class, check the arm
      cell=B-cyc approach=tier4-native map=Town10HD_Opt carla=0.10-tier4 arms=[static closed-loop]
      transport: -> rmw_fastrtps_cpp, shm off, /home/youtalk/src/carla-autoware-extension-worktrees/bench-p0/benchmarks/observer/config/udp_only.xml (required for the tier4-native family)
      transport: -> rmw_cyclonedds_cpp, shm off, none (registered for cell B-cyc)
      class=32ch 1200000 pts/s
      topics=/home/youtalk/src/carla-autoware-extension-worktrees/bench-p0/benchmarks/config/observer_topics/B-cyc.yaml
      processes=/home/youtalk/src/carla-autoware-extension-worktrees/bench-p0/benchmarks/config/processes/B-cyc.yaml
      route=/home/youtalk/src/carla-autoware-extension-worktrees/bench-p0/benchmarks/config/routes/Town10HD_Opt.yaml  tl_groups=/home/youtalk/src/carla-autoware-extension-worktrees/bench-p0/benchmarks/config/tl_groups/Town10HD_Opt.yaml
      autoware_image=ghcr.io/autowarefoundation/autoware@sha256:5c22369a312f1cd8a03fb65b30c1ab542919c2c7a2cbd18e799956daef3ae8ee
      observer_image=bench-observer:universe-devel

 2. RUN_DIR: next gap-free index under results/B-cyc
      /home/youtalk/src/carla-autoware-extension-worktrees/bench-p0/benchmarks/results/B-cyc/run-040
cell=B-cyc
approach=tier4-native
arm=paced
rmw=rmw_cyclonedds_cpp
shm=off
duel_admissible=false
duel_id=
class_id=32ch
run_dir=/home/youtalk/src/carla-autoware-extension-worktrees/bench-p0/benchmarks/results/B-cyc/run-040
-------- exit=0 --------
######## check-args: cell=B-cyc form='paced --unpaced' ########
=== B-cyc  arm=paced  class=32ch  unpaced  run 1/1 ===

 1. cell_info: resolve cell + class, check the arm
      cell=B-cyc approach=tier4-native map=Town10HD_Opt carla=0.10-tier4 arms=[static closed-loop]
      transport: -> rmw_fastrtps_cpp, shm off, /home/youtalk/src/carla-autoware-extension-worktrees/bench-p0/benchmarks/observer/config/udp_only.xml (required for the tier4-native family)
      transport: -> rmw_cyclonedds_cpp, shm off, none (registered for cell B-cyc)
      class=32ch 1200000 pts/s
      arm: paced -> unpaced (--unpaced)
      topics=/home/youtalk/src/carla-autoware-extension-worktrees/bench-p0/benchmarks/config/observer_topics/B-cyc.yaml
      processes=/home/youtalk/src/carla-autoware-extension-worktrees/bench-p0/benchmarks/config/processes/B-cyc.yaml
      route=/home/youtalk/src/carla-autoware-extension-worktrees/bench-p0/benchmarks/config/routes/Town10HD_Opt.yaml  tl_groups=/home/youtalk/src/carla-autoware-extension-worktrees/bench-p0/benchmarks/config/tl_groups/Town10HD_Opt.yaml
      autoware_image=ghcr.io/autowarefoundation/autoware@sha256:5c22369a312f1cd8a03fb65b30c1ab542919c2c7a2cbd18e799956daef3ae8ee
      observer_image=bench-observer:universe-devel

 2. RUN_DIR: next gap-free index under results/B-cyc
      /home/youtalk/src/carla-autoware-extension-worktrees/bench-p0/benchmarks/results/B-cyc/run-040
cell=B-cyc
approach=tier4-native
arm=unpaced
rmw=rmw_cyclonedds_cpp
shm=off
duel_admissible=false
duel_id=
class_id=32ch
run_dir=/home/youtalk/src/carla-autoware-extension-worktrees/bench-p0/benchmarks/results/B-cyc/run-040
-------- exit=0 --------
######## dry-run: cell=B-cyc form='paced' ########
=== B-cyc  arm=paced  class=32ch  run 1/1  (dry run) ===

 1. cell_info: resolve cell + class, check the arm
      cell=B-cyc approach=tier4-native map=Town10HD_Opt carla=0.10-tier4 arms=[static closed-loop]
      transport: -> rmw_fastrtps_cpp, shm off, /home/youtalk/src/carla-autoware-extension-worktrees/bench-p0/benchmarks/observer/config/udp_only.xml (required for the tier4-native family)
      transport: -> rmw_cyclonedds_cpp, shm off, none (registered for cell B-cyc)
      class=32ch 1200000 pts/s
      topics=/home/youtalk/src/carla-autoware-extension-worktrees/bench-p0/benchmarks/config/observer_topics/B-cyc.yaml
      processes=/home/youtalk/src/carla-autoware-extension-worktrees/bench-p0/benchmarks/config/processes/B-cyc.yaml
      route=/home/youtalk/src/carla-autoware-extension-worktrees/bench-p0/benchmarks/config/routes/Town10HD_Opt.yaml  tl_groups=/home/youtalk/src/carla-autoware-extension-worktrees/bench-p0/benchmarks/config/tl_groups/Town10HD_Opt.yaml
      autoware_image=ghcr.io/autowarefoundation/autoware@sha256:5c22369a312f1cd8a03fb65b30c1ab542919c2c7a2cbd18e799956daef3ae8ee
      observer_image=bench-observer:universe-devel

 2. RUN_DIR: next gap-free index under results/B-cyc
      /home/youtalk/src/carla-autoware-extension-worktrees/bench-p0/benchmarks/results/B-cyc/run-040

 3. preflight: host load, disk, RPC port, stale SHM, engine BuildId
      $ bash /home/youtalk/src/carla-autoware-extension-worktrees/bench-p0/benchmarks/scripts/preflight.sh B-cyc --port 2000 --results-dir /home/youtalk/src/carla-autoware-extension-worktrees/bench-p0/benchmarks/results --no-clean
OK: tier4 plugin artifacts are newer than every source under /home/youtalk/src/carla-autoware-native/LibCarla/source /home/youtalk/src/carla-autoware-native/Unreal/CarlaUnreal/Plugins/Carla/Source /home/youtalk/src/carla-autoware-native/LibCarla/CMakeLists.txt /home/youtalk/src/carla-autoware-native/CMake
OK: tier4 tree identity recorded
      cpu_governor=powersave
      nproc=24
      loadavg=0.66
      results_fs=/home
      free_gb=453
      carla_rpc_port=2000
      shm_user_cleared=0
      shm_root_cleared=0
      shm_root_remaining=0
      engine_build_id=bc08ce19-f19c-46fe-808f-dbb2b0ddf41a
      carla_tree=/home/youtalk/src/carla-autoware-native
      map_bundle_pin=town10_pcd_regen
      tier4_git_sha=6315b856f8faf2118578322eb20a2b902a45a384
      tier4_worktree=registered-patches
      tier4_worktree_paths_sha256=880c2127133214ea5fee1dff1efbf1b8b5c2e9a3a3a9de10156bc299026eafc6
      tier4_worktree_content_sha256=23038d8c20a6a0691f941bd9f0be427819a8151c81088c30cf67222764ed3e49
      tier4_plugin_sha256=26f95decb0b18dda86f73f6c1ebd2445a287d8dedde3f1cb1544bfffbd093c4e
      tier4_ros2_native_sha256=4485f7b6b74404729a605107a6b2c851286cd942c89db416e811677fc62f3149
      tier4_source_sha256=eb8aa9af8d91b65a587409771db0c08a47f3584076a06e18cd665d13db71f5e5
      tier4_plugin_mtime=1785782939
      tier4_ros2_native_mtime=1785786075
      tier4_newest_source_mtime=1785196190
      tier4_stale_ack=none
      tier4_stale_ack_reason=-
      tier4_stale_ack_source_sha256=-
      tier4_stale_ack_artifacts=-

 4. write_manifest: transport, versions, placement; excluded=false
      $ python3 -m benchmarks.scripts.write_manifest --run-dir /home/youtalk/src/carla-autoware-extension-worktrees/bench-p0/benchmarks/results/B-cyc/run-040 --cell B-cyc --arm paced --rmw rmw_cyclonedds_cpp --shm off --dds-profile none --carla-version 0.10-tier4 --autoware-image ghcr.io/autowarefoundation/autoware@sha256:5c22369a312f1cd8a03fb65b30c1ab542919c2c7a2cbd18e799956daef3ae8ee --placement-json '<json>' --class-id 32ch
      duel_admissible=false (no --duel): bring-up/gate run, dropped by duel_verdict.py and counted in its notes
      manifest VALIDATED (written to /tmp/bench-dryrun-LO8Me1/run-040, not results/)
      placement: {"carla_rpc_port": "2000", "carla_tree": "/home/youtalk/src/carla-autoware-native", "container_image": "ghcr.io/autowarefoundation/autoware@sha256:5c22369a312f1cd8a03fb65b30c1ab542919c2c7a2cbd18e799956daef3ae8ee", "cpu_governor": "powersave", "engine_build_id": "bc08ce19-f19c-46fe-808f-dbb2b0ddf41a", "free_gb": "453", "loadavg": "0.66", "map_bundle_pin": "town10_pcd_regen", "nproc": "24", "observer_env": {"image": "bench-observer:universe-devel", "rmw": "rmw_cyclonedds_cpp", "shm": "off", "topics_file": "B-cyc.yaml"}, "results_fs": "/home", "run_mode": "editor-game", "shm_root_cleared": "0", "shm_root_remaining": "0", "shm_user_cleared": "0", "tier4_git_sha": "6315b856f8faf2118578322eb20a2b902a45a384", "tier4_newest_source_mtime": "1785196190", "tier4_plugin_mtime": "1785782939", "tier4_plugin_sha256": "26f95decb0b18dda86f73f6c1ebd2445a287d8dedde3f1cb1544bfffbd093c4e", "tier4_ros2_native_mtime": "1785786075", "tier4_ros2_native_sha256": "4485f7b6b74404729a605107a6b2c851286cd942c89db416e811677fc62f3149", "tier4_source_sha256": "eb8aa9af8d91b65a587409771db0c08a47f3584076a06e18cd665d13db71f5e5", "tier4_stale_ack": "none", "tier4_stale_ack_artifacts": "-", "tier4_stale_ack_reason": "-", "tier4_stale_ack_source_sha256": "-", "tier4_worktree": "registered-patches", "tier4_worktree_content_sha256": "23038d8c20a6a0691f941bd9f0be427819a8151c81088c30cf67222764ed3e49", "tier4_worktree_paths_sha256": "880c2127133214ea5fee1dff1efbf1b8b5c2e9a3a3a9de10156bc299026eafc6"}

 5. cells/tier4-native.sh: boot sim + stack, wait for readiness
      $ bash /home/youtalk/src/carla-autoware-extension-worktrees/bench-p0/benchmarks/cells/tier4-native.sh plan   # resolution + prerequisite checks only
OK: tier4 plugin artifacts are newer than every source under /home/youtalk/src/carla-autoware-native/LibCarla/source /home/youtalk/src/carla-autoware-native/Unreal/CarlaUnreal/Plugins/Carla/Source /home/youtalk/src/carla-autoware-native/LibCarla/CMakeLists.txt /home/youtalk/src/carla-autoware-native/CMake
OK: tier4 tree identity recorded
      $ bash /home/youtalk/src/carla-autoware-extension-worktrees/bench-p0/benchmarks/cells/tier4-native.sh up

 6. observer: bench_observer container recording into the run dir
      $ cp /home/youtalk/src/carla-autoware-extension-worktrees/bench-p0/benchmarks/config/observer_topics/B-cyc.yaml /tmp/bench-dryrun-LO8Me1/observer_topics.yaml
      $ docker run -d --name bench-observer --net=host --ipc=host -v /home/youtalk/src/carla-autoware-extension-worktrees/bench-p0/benchmarks/results/B-cyc/run-040:/out -e RMW_IMPLEMENTATION=rmw_cyclonedds_cpp  bench-observer:universe-devel bash -lc '<sourced> exec bench_observer ...'

 7. sampler + collect_gt + clock_watchdog (background)
      $ python3 -m benchmarks.sampler.sample_resources --processes /home/youtalk/src/carla-autoware-extension-worktrees/bench-p0/benchmarks/config/processes/B-cyc.yaml --out /home/youtalk/src/carla-autoware-extension-worktrees/bench-p0/benchmarks/results/B-cyc/run-040/resources.csv --interval 1.0
      $ env PYTHONPATH=/home/youtalk/src/carla-autoware-extension-worktrees/bench-p0 /home/youtalk/carla-tier4-venv/bin/python3 -m benchmarks.scripts.collect_gt --host localhost --port 2000 --role-name ego --map Town10HD_Opt --approach tier4-native --out /tmp/bench-dryrun-LO8Me1/gt.csv --count-lidar
      $ python3 -m benchmarks.scripts.clock_watchdog --clock-csv /home/youtalk/src/carla-autoware-extension-worktrees/bench-p0/benchmarks/results/B-cyc/run-040/clock.csv --stall-s 5 --grace-s 30 --marker /home/youtalk/src/carla-autoware-extension-worktrees/bench-p0/benchmarks/results/B-cyc/run-040/clock_stall.marker

 8. injector: clear-road objects + all-green signals (docker exec)
      $ docker exec -e ROS_DOMAIN_ID=0 autoware bash -lc '<setup> PYTHONPATH=/work:$PYTHONPATH python3 /work/benchmarks/injector/dummy_perception.py --tl-groups /work/benchmarks/config/tl_groups/Town10HD_Opt.yaml --grid-center 82.654 -37.160 --grid-size 315.157'

 9. arm: localization only (static) or route + engage (closed-loop)
      $ docker exec -e ROS_DOMAIN_ID=0 autoware bash -lc '<setup> python3 /work/benchmarks/injector/arm_and_goal.py --goal 74.869 66.891 2.926174  --timeout 60'
      $ docker exec -e ROS_DOMAIN_ID=0 autoware bash -lc '<setup> timeout 25 ros2 topic echo --once --no-daemon /control/command/control_cmd'

10. window: sleep 140s (paced arm)
      $ sleep 140

11. teardown: watchdog + GT -> observer (SIGINT, to flush) -> stack -> sim
      $ bash /home/youtalk/src/carla-autoware-extension-worktrees/bench-p0/benchmarks/scripts/teardown.sh /home/youtalk/src/carla-autoware-extension-worktrees/bench-p0/benchmarks/results/B-cyc/run-040

12. finalize_rtf: fill resources.csv's rtf column from clock.csv
      $ python3 -m benchmarks.sampler.finalize_rtf --resources /home/youtalk/src/carla-autoware-extension-worktrees/bench-p0/benchmarks/results/B-cyc/run-040/resources.csv --clock /home/youtalk/src/carla-autoware-extension-worktrees/bench-p0/benchmarks/results/B-cyc/run-040/clock.csv

13. M5 gate: write quality.json (pose_error, goal, NDT rate, G1 ladder)
      $ python3 -m benchmarks.scripts.write_quality --run-dir /home/youtalk/src/carla-autoware-extension-worktrees/bench-p0/benchmarks/results/B-cyc/run-040

14. exclusions: clock stall, short unpaced window, silent control gate
      $ if /home/youtalk/src/carla-autoware-extension-worktrees/bench-p0/benchmarks/results/B-cyc/run-040/clock_stall.marker exists: write_manifest --exclude 'stall:clock'

15. smoke: the results tree renders through the real analysis path
      $ python3 -c 'benchmarks.report.summarize_run(/home/youtalk/src/carla-autoware-extension-worktrees/bench-p0/benchmarks/results/B-cyc/run-040); render_cell(/home/youtalk/src/carla-autoware-extension-worktrees/bench-p0/benchmarks/results/B-cyc)'

run 1/1 complete: /home/youtalk/src/carla-autoware-extension-worktrees/bench-p0/benchmarks/results/B-cyc/run-040
-------- exit=0 --------
######## dry-run: cell=B-cyc form='paced --unpaced' ########
=== B-cyc  arm=paced  class=32ch  unpaced  run 1/1  (dry run) ===

 1. cell_info: resolve cell + class, check the arm
      cell=B-cyc approach=tier4-native map=Town10HD_Opt carla=0.10-tier4 arms=[static closed-loop]
      transport: -> rmw_fastrtps_cpp, shm off, /home/youtalk/src/carla-autoware-extension-worktrees/bench-p0/benchmarks/observer/config/udp_only.xml (required for the tier4-native family)
      transport: -> rmw_cyclonedds_cpp, shm off, none (registered for cell B-cyc)
      class=32ch 1200000 pts/s
      arm: paced -> unpaced (--unpaced)
      topics=/home/youtalk/src/carla-autoware-extension-worktrees/bench-p0/benchmarks/config/observer_topics/B-cyc.yaml
      processes=/home/youtalk/src/carla-autoware-extension-worktrees/bench-p0/benchmarks/config/processes/B-cyc.yaml
      route=/home/youtalk/src/carla-autoware-extension-worktrees/bench-p0/benchmarks/config/routes/Town10HD_Opt.yaml  tl_groups=/home/youtalk/src/carla-autoware-extension-worktrees/bench-p0/benchmarks/config/tl_groups/Town10HD_Opt.yaml
      autoware_image=ghcr.io/autowarefoundation/autoware@sha256:5c22369a312f1cd8a03fb65b30c1ab542919c2c7a2cbd18e799956daef3ae8ee
      observer_image=bench-observer:universe-devel

 2. RUN_DIR: next gap-free index under results/B-cyc
      /home/youtalk/src/carla-autoware-extension-worktrees/bench-p0/benchmarks/results/B-cyc/run-040

 3. preflight: host load, disk, RPC port, stale SHM, engine BuildId
      $ bash /home/youtalk/src/carla-autoware-extension-worktrees/bench-p0/benchmarks/scripts/preflight.sh B-cyc --port 2000 --results-dir /home/youtalk/src/carla-autoware-extension-worktrees/bench-p0/benchmarks/results --no-clean
OK: tier4 plugin artifacts are newer than every source under /home/youtalk/src/carla-autoware-native/LibCarla/source /home/youtalk/src/carla-autoware-native/Unreal/CarlaUnreal/Plugins/Carla/Source /home/youtalk/src/carla-autoware-native/LibCarla/CMakeLists.txt /home/youtalk/src/carla-autoware-native/CMake
OK: tier4 tree identity recorded
      cpu_governor=powersave
      nproc=24
      loadavg=0.69
      results_fs=/home
      free_gb=453
      carla_rpc_port=2000
      shm_user_cleared=0
      shm_root_cleared=0
      shm_root_remaining=0
      engine_build_id=bc08ce19-f19c-46fe-808f-dbb2b0ddf41a
      carla_tree=/home/youtalk/src/carla-autoware-native
      map_bundle_pin=town10_pcd_regen
      tier4_git_sha=6315b856f8faf2118578322eb20a2b902a45a384
      tier4_worktree=registered-patches
      tier4_worktree_paths_sha256=880c2127133214ea5fee1dff1efbf1b8b5c2e9a3a3a9de10156bc299026eafc6
      tier4_worktree_content_sha256=23038d8c20a6a0691f941bd9f0be427819a8151c81088c30cf67222764ed3e49
      tier4_plugin_sha256=26f95decb0b18dda86f73f6c1ebd2445a287d8dedde3f1cb1544bfffbd093c4e
      tier4_ros2_native_sha256=4485f7b6b74404729a605107a6b2c851286cd942c89db416e811677fc62f3149
      tier4_source_sha256=eb8aa9af8d91b65a587409771db0c08a47f3584076a06e18cd665d13db71f5e5
      tier4_plugin_mtime=1785782939
      tier4_ros2_native_mtime=1785786075
      tier4_newest_source_mtime=1785196190
      tier4_stale_ack=none
      tier4_stale_ack_reason=-
      tier4_stale_ack_source_sha256=-
      tier4_stale_ack_artifacts=-

 4. write_manifest: transport, versions, placement; excluded=false
      $ python3 -m benchmarks.scripts.write_manifest --run-dir /home/youtalk/src/carla-autoware-extension-worktrees/bench-p0/benchmarks/results/B-cyc/run-040 --cell B-cyc --arm unpaced --rmw rmw_cyclonedds_cpp --shm off --dds-profile none --carla-version 0.10-tier4 --autoware-image ghcr.io/autowarefoundation/autoware@sha256:5c22369a312f1cd8a03fb65b30c1ab542919c2c7a2cbd18e799956daef3ae8ee --placement-json '<json>' --class-id 32ch
      duel_admissible=false (no --duel): bring-up/gate run, dropped by duel_verdict.py and counted in its notes
      manifest VALIDATED (written to /tmp/bench-dryrun-zgOInH/run-040, not results/)
      placement: {"carla_rpc_port": "2000", "carla_tree": "/home/youtalk/src/carla-autoware-native", "container_image": "ghcr.io/autowarefoundation/autoware@sha256:5c22369a312f1cd8a03fb65b30c1ab542919c2c7a2cbd18e799956daef3ae8ee", "cpu_governor": "powersave", "engine_build_id": "bc08ce19-f19c-46fe-808f-dbb2b0ddf41a", "free_gb": "453", "loadavg": "0.69", "map_bundle_pin": "town10_pcd_regen", "nproc": "24", "observer_env": {"image": "bench-observer:universe-devel", "rmw": "rmw_cyclonedds_cpp", "shm": "off", "topics_file": "B-cyc.yaml"}, "results_fs": "/home", "run_mode": "editor-game", "shm_root_cleared": "0", "shm_root_remaining": "0", "shm_user_cleared": "0", "tier4_git_sha": "6315b856f8faf2118578322eb20a2b902a45a384", "tier4_newest_source_mtime": "1785196190", "tier4_plugin_mtime": "1785782939", "tier4_plugin_sha256": "26f95decb0b18dda86f73f6c1ebd2445a287d8dedde3f1cb1544bfffbd093c4e", "tier4_ros2_native_mtime": "1785786075", "tier4_ros2_native_sha256": "4485f7b6b74404729a605107a6b2c851286cd942c89db416e811677fc62f3149", "tier4_source_sha256": "eb8aa9af8d91b65a587409771db0c08a47f3584076a06e18cd665d13db71f5e5", "tier4_stale_ack": "none", "tier4_stale_ack_artifacts": "-", "tier4_stale_ack_reason": "-", "tier4_stale_ack_source_sha256": "-", "tier4_worktree": "registered-patches", "tier4_worktree_content_sha256": "23038d8c20a6a0691f941bd9f0be427819a8151c81088c30cf67222764ed3e49", "tier4_worktree_paths_sha256": "880c2127133214ea5fee1dff1efbf1b8b5c2e9a3a3a9de10156bc299026eafc6"}

 5. cells/tier4-native.sh: boot sim + stack, wait for readiness
      $ bash /home/youtalk/src/carla-autoware-extension-worktrees/bench-p0/benchmarks/cells/tier4-native.sh plan   # resolution + prerequisite checks only
OK: tier4 plugin artifacts are newer than every source under /home/youtalk/src/carla-autoware-native/LibCarla/source /home/youtalk/src/carla-autoware-native/Unreal/CarlaUnreal/Plugins/Carla/Source /home/youtalk/src/carla-autoware-native/LibCarla/CMakeLists.txt /home/youtalk/src/carla-autoware-native/CMake
OK: tier4 tree identity recorded
      $ bash /home/youtalk/src/carla-autoware-extension-worktrees/bench-p0/benchmarks/cells/tier4-native.sh up

 6. observer: bench_observer container recording into the run dir
      $ cp /home/youtalk/src/carla-autoware-extension-worktrees/bench-p0/benchmarks/config/observer_topics/B-cyc.yaml /tmp/bench-dryrun-zgOInH/observer_topics.yaml
      $ docker run -d --name bench-observer --net=host --ipc=host -v /home/youtalk/src/carla-autoware-extension-worktrees/bench-p0/benchmarks/results/B-cyc/run-040:/out -e RMW_IMPLEMENTATION=rmw_cyclonedds_cpp  bench-observer:universe-devel bash -lc '<sourced> exec bench_observer ...'

 7. sampler + collect_gt + clock_watchdog (background)
      $ python3 -m benchmarks.sampler.sample_resources --processes /home/youtalk/src/carla-autoware-extension-worktrees/bench-p0/benchmarks/config/processes/B-cyc.yaml --out /home/youtalk/src/carla-autoware-extension-worktrees/bench-p0/benchmarks/results/B-cyc/run-040/resources.csv --interval 1.0
      $ env PYTHONPATH=/home/youtalk/src/carla-autoware-extension-worktrees/bench-p0 /home/youtalk/carla-tier4-venv/bin/python3 -m benchmarks.scripts.collect_gt --host localhost --port 2000 --role-name ego --map Town10HD_Opt --approach tier4-native --out /tmp/bench-dryrun-zgOInH/gt.csv --count-lidar
      $ python3 -m benchmarks.scripts.clock_watchdog --clock-csv /home/youtalk/src/carla-autoware-extension-worktrees/bench-p0/benchmarks/results/B-cyc/run-040/clock.csv --stall-s 5 --grace-s 30 --marker /home/youtalk/src/carla-autoware-extension-worktrees/bench-p0/benchmarks/results/B-cyc/run-040/clock_stall.marker

 8. injector: clear-road objects + all-green signals (docker exec)
      $ docker exec -e ROS_DOMAIN_ID=0 autoware bash -lc '<setup> PYTHONPATH=/work:$PYTHONPATH python3 /work/benchmarks/injector/dummy_perception.py --tl-groups /work/benchmarks/config/tl_groups/Town10HD_Opt.yaml --grid-center 82.654 -37.160 --grid-size 315.157'

 9. arm: localization only (static) or route + engage (closed-loop)
      $ docker exec -e ROS_DOMAIN_ID=0 autoware bash -lc '<setup> python3 /work/benchmarks/injector/arm_and_goal.py --goal 74.869 66.891 2.926174  --timeout 60'
      $ docker exec -e ROS_DOMAIN_ID=0 autoware bash -lc '<setup> timeout 25 ros2 topic echo --once --no-daemon /control/command/control_cmd'

10. window: 140 SIM seconds off clock.csv (unpaced), wall cap 840s
      $ poll /home/youtalk/src/carla-autoware-extension-worktrees/bench-p0/benchmarks/results/B-cyc/run-040/clock.csv until it spans 140s of sim time

11. teardown: watchdog + GT -> observer (SIGINT, to flush) -> stack -> sim
      $ bash /home/youtalk/src/carla-autoware-extension-worktrees/bench-p0/benchmarks/scripts/teardown.sh /home/youtalk/src/carla-autoware-extension-worktrees/bench-p0/benchmarks/results/B-cyc/run-040

12. finalize_rtf: fill resources.csv's rtf column from clock.csv
      $ python3 -m benchmarks.sampler.finalize_rtf --resources /home/youtalk/src/carla-autoware-extension-worktrees/bench-p0/benchmarks/results/B-cyc/run-040/resources.csv --clock /home/youtalk/src/carla-autoware-extension-worktrees/bench-p0/benchmarks/results/B-cyc/run-040/clock.csv

13. M5 gate: write quality.json (pose_error, goal, NDT rate, G1 ladder)
      $ python3 -m benchmarks.scripts.write_quality --run-dir /home/youtalk/src/carla-autoware-extension-worktrees/bench-p0/benchmarks/results/B-cyc/run-040

14. exclusions: clock stall, short unpaced window, silent control gate
      $ if /home/youtalk/src/carla-autoware-extension-worktrees/bench-p0/benchmarks/results/B-cyc/run-040/clock_stall.marker exists: write_manifest --exclude 'stall:clock'

15. smoke: the results tree renders through the real analysis path
      $ python3 -c 'benchmarks.report.summarize_run(/home/youtalk/src/carla-autoware-extension-worktrees/bench-p0/benchmarks/results/B-cyc/run-040); render_cell(/home/youtalk/src/carla-autoware-extension-worktrees/bench-p0/benchmarks/results/B-cyc)'

run 1/1 complete: /home/youtalk/src/carla-autoware-extension-worktrees/bench-p0/benchmarks/results/B-cyc/run-040
-------- exit=0 --------
